<html>
<body>
<pre>
<h1>µVision Build Log</h1>
<h2>Tool Versions:</h2>
IDE-Version: µVision V5.24.2.0
Copyright (C) 2017 ARM Ltd and ARM Germany GmbH. All rights reserved.
License Information: A B, C, LIC=----
 
Tool Versions:
Toolchain:       MDK-Lite  Version: 5.24.1
Toolchain Path:  D:\Keil_v5\ARM\ARMCC\Bin
C Compiler:      Armcc.exe V5.06 update 5 (build 528)
Assembler:       Armasm.exe V5.06 update 5 (build 528)
Linker/Locator:  ArmLink.exe V5.06 update 5 (build 528)
Library Manager: ArmAr.exe V5.06 update 5 (build 528)
Hex Converter:   FromElf.exe V5.06 update 5 (build 528)
CPU DLL:         SARMCM3.DLL V5.24.1
Dialog DLL:      DCM.DLL V1.16.0.0
Target DLL:      STLink\ST-LINKIII-KEIL_SWO.dll V3.0.1.0
Dialog DLL:      TCM.DLL V1.32.0.0
 
<h2>Project:</h2>
D:\Users\Zahar\Documents\stm\2 PWM comPort timers 3\MDK-ARM\2 PWM comPort timers 3.uvprojx
Project File Date:  03/05/2019

<h2>Output:</h2>
*** Using Compiler 'V5.06 update 5 (build 528)', folder: 'D:\Keil_v5\ARM\ARMCC\Bin'
Build target '2 PWM comPort timers 3'
compiling usbd_ioreq.c...
compiling stm32f1xx_hal_rcc_ex.c...
compiling usbd_cdc.c...
compiling usbd_ctlreq.c...
compiling usbd_core.c...
compiling stm32f1xx_hal_tim_ex.c...
compiling stm32f1xx_hal_gpio_ex.c...
compiling stm32f1xx_hal_flash.c...
compiling stm32f1xx_hal_adc_ex.c...
compiling stm32f1xx_hal_pcd_ex.c...
compiling stm32f1xx_hal_gpio.c...
compiling stm32f1xx_hal_rcc.c...
compiling stm32f1xx_hal_cortex.c...
compiling stm32f1xx_hal_tim.c...
compiling stm32f1xx_hal_flash_ex.c...
compiling stm32f1xx_hal.c...
compiling stm32f1xx_hal_pcd.c...
compiling stm32f1xx_hal_pwr.c...
compiling stm32f1xx_ll_usb.c...
compiling stm32f1xx_hal_dma.c...
compiling stm32f1xx_hal_adc.c...
compiling system_stm32f1xx.c...
compiling usbd_desc.c...
compiling stm32f1xx_hal_msp.c...
compiling usbd_conf.c...
compiling stm32f1xx_it.c...
compiling usbd_cdc_if.c...
../Src/usbd_cdc_if.c(299): warning:  #223-D: function "Main_Sin_SetFreq" declared implicitly
              Main_Sin_SetFreq(freq);
../Src/usbd_cdc_if.c(302): warning:  #167-D: argument of type "uint8_t *" is incompatible with parameter of type "const char *"
              CDC_Transmit_FS(ans, strlen(ans));
../Src/usbd_cdc_if.c(310): warning:  #167-D: argument of type "uint8_t *" is incompatible with parameter of type "const char *"
                      ans[strlen(ans)-2]=Buf[1];
../Src/usbd_cdc_if.c(311): warning:  #167-D: argument of type "uint8_t *" is incompatible with parameter of type "const char *"
                      CDC_Transmit_FS(ans, strlen(ans));
../Src/usbd_cdc_if.c(316): warning:  #167-D: argument of type "uint8_t *" is incompatible with parameter of type "const char *"
              CDC_Transmit_FS(ans, strlen(ans));
../Src/usbd_cdc_if.c(326): warning:  #167-D: argument of type "uint8_t *" is incompatible with parameter of type "const char *"
                          CDC_Transmit_FS(ans, strlen(ans));
../Src/usbd_cdc_if.c(333): warning:  #167-D: argument of type "uint8_t *" is incompatible with parameter of type "const char *"
                          CDC_Transmit_FS(ans, strlen(ans));
../Src/usbd_cdc_if.c(340): warning:  #167-D: argument of type "uint8_t *" is incompatible with parameter of type "const char *"
                          CDC_Transmit_FS(ans, strlen(ans));
../Src/usbd_cdc_if.c(347): warning:  #167-D: argument of type "uint8_t *" is incompatible with parameter of type "const char *"
                          CDC_Transmit_FS(ans, strlen(ans));
../Src/usbd_cdc_if.c(354): warning:  #167-D: argument of type "uint8_t *" is incompatible with parameter of type "const char *"
              CDC_Transmit_FS(ans, strlen(ans));
../Src/usbd_cdc_if.c(362): warning:  #167-D: argument of type "uint8_t *" is incompatible with parameter of type "const char *"
                  CDC_Transmit_FS(ans, strlen(ans));
../Src/usbd_cdc_if.c(366): warning:  #167-D: argument of type "uint8_t *" is incompatible with parameter of type "const char *"
                  CDC_Transmit_FS(ans, strlen(ans));
../Src/usbd_cdc_if.c(373): warning:  #167-D: argument of type "uint8_t *" is incompatible with parameter of type "const char *"
              CDC_Transmit_FS(ans, strlen(ans));
../Src/usbd_cdc_if.c(378): warning:  #167-D: argument of type "uint8_t *" is incompatible with parameter of type "const char *"
              CDC_Transmit_FS(ans, strlen(ans));
../Src/usbd_cdc_if.c: 14 warnings, 0 errors
compiling usb_device.c...
compiling main.c...
../Src/main.c(711): warning:  #167-D: argument of type "uint8_t *" is incompatible with parameter of type "const char *"
                  CDC_Transmit_FS(MesData,strlen(MesData));
../Src/main.c(734): warning:  #167-D: argument of type "uint8_t *" is incompatible with parameter of type "const char *"
                  CDC_Transmit_FS(MesData,strlen(MesData));
../Src/main.c(766): warning:  #167-D: argument of type "uint8_t *" is incompatible with parameter of type "const char *"
                  CDC_Transmit_FS(MesData,strlen(MesData));
../Src/main.c(786): warning:  #167-D: argument of type "uint8_t *" is incompatible with parameter of type "const char *"
          CDC_Transmit_FS(MesData,strlen(MesData));
../Src/main.c: 4 warnings, 0 errors
linking...
Program Size: Code=21712 RO-data=684 RW-data=516 ZI-data=6092  
"2 PWM comPort timers 3\2 PWM comPort timers 3.axf" - 0 Error(s), 18 Warning(s).

<h2>Software Packages used:</h2>

Package Vendor: ARM
                http://www.keil.com/pack/ARM.CMSIS.5.2.0.pack
                ARM.CMSIS.5.2.0
                CMSIS (Cortex Microcontroller Software Interface Standard)
   * Component: CORE Version: 5.0.2

Package Vendor: Keil
                http://www.keil.com/pack/Keil.STM32F1xx_DFP.2.2.0.pack
                Keil.STM32F1xx_DFP.2.2.0
                STMicroelectronics STM32F1 Series Device Support, Drivers and Examples

<h2>Collection of Component include folders:</h2>
  .\RTE\_2_PWM_comPort_timers_3
  D:\Keil_v5\ARM\PACK\ARM\CMSIS\5.2.0\CMSIS\Include
  D:\Keil_v5\ARM\PACK\Keil\STM32F1xx_DFP\2.2.0\Device\Include

<h2>Collection of Component Files used:</h2>

   * Component: ARM::CMSIS:CORE:5.0.2
Build Time Elapsed:  00:00:08
</pre>
</body>
</html>
