Component: ARM Compiler 5.06 update 5 (build 528) Tool: armlink [4d35e2]

==============================================================================

Section Cross References

    startup_stm32f103xb.o(RESET) refers to startup_stm32f103xb.o(STACK) for __initial_sp
    startup_stm32f103xb.o(RESET) refers to startup_stm32f103xb.o(.text) for Reset_Handler
    startup_stm32f103xb.o(RESET) refers to stm32f1xx_it.o(i.NMI_Handler) for NMI_Handler
    startup_stm32f103xb.o(RESET) refers to stm32f1xx_it.o(i.HardFault_Handler) for HardFault_Handler
    startup_stm32f103xb.o(RESET) refers to stm32f1xx_it.o(i.MemManage_Handler) for MemManage_Handler
    startup_stm32f103xb.o(RESET) refers to stm32f1xx_it.o(i.BusFault_Handler) for BusFault_Handler
    startup_stm32f103xb.o(RESET) refers to stm32f1xx_it.o(i.UsageFault_Handler) for UsageFault_Handler
    startup_stm32f103xb.o(RESET) refers to stm32f1xx_it.o(i.SVC_Handler) for SVC_Handler
    startup_stm32f103xb.o(RESET) refers to stm32f1xx_it.o(i.DebugMon_Handler) for DebugMon_Handler
    startup_stm32f103xb.o(RESET) refers to stm32f1xx_it.o(i.PendSV_Handler) for PendSV_Handler
    startup_stm32f103xb.o(RESET) refers to stm32f1xx_it.o(i.SysTick_Handler) for SysTick_Handler
    startup_stm32f103xb.o(RESET) refers to stm32f1xx_it.o(i.DMA1_Channel1_IRQHandler) for DMA1_Channel1_IRQHandler
    startup_stm32f103xb.o(RESET) refers to stm32f1xx_it.o(i.ADC1_2_IRQHandler) for ADC1_2_IRQHandler
    startup_stm32f103xb.o(RESET) refers to stm32f1xx_it.o(i.USB_LP_CAN1_RX0_IRQHandler) for USB_LP_CAN1_RX0_IRQHandler
    startup_stm32f103xb.o(RESET) refers to stm32f1xx_it.o(i.TIM3_IRQHandler) for TIM3_IRQHandler
    startup_stm32f103xb.o(RESET) refers to stm32f1xx_it.o(i.TIM4_IRQHandler) for TIM4_IRQHandler
    startup_stm32f103xb.o(.text) refers to system_stm32f1xx.o(i.SystemInit) for SystemInit
    startup_stm32f103xb.o(.text) refers to entry.o(.ARM.Collect$$$$00000000) for __main
    usbd_core.o(i.USBD_DeInit) refers to usbd_conf.o(i.USBD_LL_Stop) for USBD_LL_Stop
    usbd_core.o(i.USBD_DeInit) refers to usbd_conf.o(i.USBD_LL_DeInit) for USBD_LL_DeInit
    usbd_core.o(i.USBD_Init) refers to usbd_conf.o(i.USBD_LL_Init) for USBD_LL_Init
    usbd_core.o(i.USBD_LL_DataInStage) refers to usbd_ioreq.o(i.USBD_CtlContinueSendData) for USBD_CtlContinueSendData
    usbd_core.o(i.USBD_LL_DataInStage) refers to usbd_conf.o(i.USBD_LL_PrepareReceive) for USBD_LL_PrepareReceive
    usbd_core.o(i.USBD_LL_DataInStage) refers to usbd_ioreq.o(i.USBD_CtlReceiveStatus) for USBD_CtlReceiveStatus
    usbd_core.o(i.USBD_LL_DataOutStage) refers to usbd_ioreq.o(i.USBD_CtlContinueRx) for USBD_CtlContinueRx
    usbd_core.o(i.USBD_LL_DataOutStage) refers to usbd_ioreq.o(i.USBD_CtlSendStatus) for USBD_CtlSendStatus
    usbd_core.o(i.USBD_LL_Reset) refers to usbd_conf.o(i.USBD_LL_OpenEP) for USBD_LL_OpenEP
    usbd_core.o(i.USBD_LL_SetupStage) refers to usbd_ctlreq.o(i.USBD_ParseSetupRequest) for USBD_ParseSetupRequest
    usbd_core.o(i.USBD_LL_SetupStage) refers to usbd_conf.o(i.USBD_LL_StallEP) for USBD_LL_StallEP
    usbd_core.o(i.USBD_LL_SetupStage) refers to usbd_ctlreq.o(i.USBD_StdDevReq) for USBD_StdDevReq
    usbd_core.o(i.USBD_LL_SetupStage) refers to usbd_ctlreq.o(i.USBD_StdItfReq) for USBD_StdItfReq
    usbd_core.o(i.USBD_LL_SetupStage) refers to usbd_ctlreq.o(i.USBD_StdEPReq) for USBD_StdEPReq
    usbd_core.o(i.USBD_Start) refers to usbd_conf.o(i.USBD_LL_Start) for USBD_LL_Start
    usbd_core.o(i.USBD_Stop) refers to usbd_conf.o(i.USBD_LL_Stop) for USBD_LL_Stop
    usbd_ioreq.o(i.USBD_CtlContinueRx) refers to usbd_conf.o(i.USBD_LL_PrepareReceive) for USBD_LL_PrepareReceive
    usbd_ioreq.o(i.USBD_CtlContinueSendData) refers to usbd_conf.o(i.USBD_LL_Transmit) for USBD_LL_Transmit
    usbd_ioreq.o(i.USBD_CtlPrepareRx) refers to usbd_conf.o(i.USBD_LL_PrepareReceive) for USBD_LL_PrepareReceive
    usbd_ioreq.o(i.USBD_CtlReceiveStatus) refers to usbd_conf.o(i.USBD_LL_PrepareReceive) for USBD_LL_PrepareReceive
    usbd_ioreq.o(i.USBD_CtlSendData) refers to usbd_conf.o(i.USBD_LL_Transmit) for USBD_LL_Transmit
    usbd_ioreq.o(i.USBD_CtlSendStatus) refers to usbd_conf.o(i.USBD_LL_Transmit) for USBD_LL_Transmit
    usbd_ioreq.o(i.USBD_GetRxCount) refers to usbd_conf.o(i.USBD_LL_GetRxDataSize) for USBD_LL_GetRxDataSize
    usbd_cdc.o(i.USBD_CDC_DataOut) refers to usbd_conf.o(i.USBD_LL_GetRxDataSize) for USBD_LL_GetRxDataSize
    usbd_cdc.o(i.USBD_CDC_DeInit) refers to usbd_conf.o(i.USBD_LL_CloseEP) for USBD_LL_CloseEP
    usbd_cdc.o(i.USBD_CDC_DeInit) refers to usbd_conf.o(i.USBD_static_free) for USBD_static_free
    usbd_cdc.o(i.USBD_CDC_GetDeviceQualifierDescriptor) refers to usbd_cdc.o(.data) for .data
    usbd_cdc.o(i.USBD_CDC_GetFSCfgDesc) refers to usbd_cdc.o(.data) for .data
    usbd_cdc.o(i.USBD_CDC_GetHSCfgDesc) refers to usbd_cdc.o(.data) for .data
    usbd_cdc.o(i.USBD_CDC_GetOtherSpeedCfgDesc) refers to usbd_cdc.o(.data) for .data
[...]
    i.TIM_Base_SetConfig                     0x080036c0   Section        0  stm32f1xx_hal_tim.o(i.TIM_Base_SetConfig)
    i.TIM_CCxChannelCmd                      0x0800372c   Section        0  stm32f1xx_hal_tim.o(i.TIM_CCxChannelCmd)
    i.TIM_ETR_SetConfig                      0x08003742   Section        0  stm32f1xx_hal_tim.o(i.TIM_ETR_SetConfig)
    TIM_ETR_SetConfig                        0x08003743   Thumb Code    20  stm32f1xx_hal_tim.o(i.TIM_ETR_SetConfig)
    i.TIM_ITRx_SetConfig                     0x08003756   Section        0  stm32f1xx_hal_tim.o(i.TIM_ITRx_SetConfig)
    TIM_ITRx_SetConfig                       0x08003757   Thumb Code    16  stm32f1xx_hal_tim.o(i.TIM_ITRx_SetConfig)
    i.TIM_OC1_SetConfig                      0x08003768   Section        0  stm32f1xx_hal_tim.o(i.TIM_OC1_SetConfig)
    TIM_OC1_SetConfig                        0x08003769   Thumb Code    74  stm32f1xx_hal_tim.o(i.TIM_OC1_SetConfig)
    i.TIM_OC2_SetConfig                      0x080037b8   Section        0  stm32f1xx_hal_tim.o(i.TIM_OC2_SetConfig)
    i.TIM_OC3_SetConfig                      0x08003810   Section        0  stm32f1xx_hal_tim.o(i.TIM_OC3_SetConfig)
    TIM_OC3_SetConfig                        0x08003811   Thumb Code    82  stm32f1xx_hal_tim.o(i.TIM_OC3_SetConfig)
    i.TIM_OC4_SetConfig                      0x08003868   Section        0  stm32f1xx_hal_tim.o(i.TIM_OC4_SetConfig)
    TIM_OC4_SetConfig                        0x08003869   Thumb Code    64  stm32f1xx_hal_tim.o(i.TIM_OC4_SetConfig)
    i.TIM_TI1_ConfigInputStage               0x080038ac   Section        0  stm32f1xx_hal_tim.o(i.TIM_TI1_ConfigInputStage)
    TIM_TI1_ConfigInputStage                 0x080038ad   Thumb Code    34  stm32f1xx_hal_tim.o(i.TIM_TI1_ConfigInputStage)
    i.TIM_TI2_ConfigInputStage               0x080038ce   Section        0  stm32f1xx_hal_tim.o(i.TIM_TI2_ConfigInputStage)
    TIM_TI2_ConfigInputStage                 0x080038cf   Thumb Code    36  stm32f1xx_hal_tim.o(i.TIM_TI2_ConfigInputStage)
    i.USBD_CDC_DataIn                        0x080038f2   Section        0  usbd_cdc.o(i.USBD_CDC_DataIn)
    USBD_CDC_DataIn                          0x080038f3   Thumb Code    20  usbd_cdc.o(i.USBD_CDC_DataIn)
    i.USBD_CDC_DataOut                       0x08003906   Section        0  usbd_cdc.o(i.USBD_CDC_DataOut)
    USBD_CDC_DataOut                         0x08003907   Thumb Code    46  usbd_cdc.o(i.USBD_CDC_DataOut)
    i.USBD_CDC_DeInit                        0x08003934   Section        0  usbd_cdc.o(i.USBD_CDC_DeInit)
    USBD_CDC_DeInit                          0x08003935   Thumb Code    60  usbd_cdc.o(i.USBD_CDC_DeInit)
    i.USBD_CDC_EP0_RxReady                   0x08003970   Section        0  usbd_cdc.o(i.USBD_CDC_EP0_RxReady)
    USBD_CDC_EP0_RxReady                     0x08003971   Thumb Code    36  usbd_cdc.o(i.USBD_CDC_EP0_RxReady)
    i.USBD_CDC_GetDeviceQualifierDescriptor  0x08003994   Section        0  usbd_cdc.o(i.USBD_CDC_GetDeviceQualifierDescriptor)
    i.USBD_CDC_GetFSCfgDesc                  0x080039a0   Section        0  usbd_cdc.o(i.USBD_CDC_GetFSCfgDesc)
    USBD_CDC_GetFSCfgDesc                    0x080039a1   Thumb Code     8  usbd_cdc.o(i.USBD_CDC_GetFSCfgDesc)
    i.USBD_CDC_GetHSCfgDesc                  0x080039ac   Section        0  usbd_cdc.o(i.USBD_CDC_GetHSCfgDesc)
    USBD_CDC_GetHSCfgDesc                    0x080039ad   Thumb Code     8  usbd_cdc.o(i.USBD_CDC_GetHSCfgDesc)
    i.USBD_CDC_GetOtherSpeedCfgDesc          0x080039b8   Section        0  usbd_cdc.o(i.USBD_CDC_GetOtherSpeedCfgDesc)
    USBD_CDC_GetOtherSpeedCfgDesc            0x080039b9   Thumb Code     8  usbd_cdc.o(i.USBD_CDC_GetOtherSpeedCfgDesc)
    i.USBD_CDC_Init                          0x080039c4   Section        0  usbd_cdc.o(i.USBD_CDC_Init)
    USBD_CDC_Init                            0x080039c5   Thumb Code   136  usbd_cdc.o(i.USBD_CDC_Init)
    i.USBD_CDC_ReceivePacket                 0x08003a4c   Section        0  usbd_cdc.o(i.USBD_CDC_ReceivePacket)
    i.USBD_CDC_RegisterInterface             0x08003a74   Section        0  usbd_cdc.o(i.USBD_CDC_RegisterInterface)
    i.USBD_CDC_SetRxBuffer                   0x08003a84   Section        0  usbd_cdc.o(i.USBD_CDC_SetRxBuffer)
    i.USBD_CDC_SetTxBuffer                   0x08003a90   Section        0  usbd_cdc.o(i.USBD_CDC_SetTxBuffer)
    i.USBD_CDC_Setup                         0x08003aa0   Section        0  usbd_cdc.o(i.USBD_CDC_Setup)
    USBD_CDC_Setup                           0x08003aa1   Thumb Code   106  usbd_cdc.o(i.USBD_CDC_Setup)
    i.USBD_CDC_TransmitPacket                0x08003b10   Section        0  usbd_cdc.o(i.USBD_CDC_TransmitPacket)
    i.USBD_ClrClassConfig                    0x08003b40   Section        0  usbd_core.o(i.USBD_ClrClassConfig)
    i.USBD_CtlContinueRx                     0x08003b4e   Section        0  usbd_ioreq.o(i.USBD_CtlContinueRx)
    i.USBD_CtlContinueSendData               0x08003b5e   Section        0  usbd_ioreq.o(i.USBD_CtlContinueSendData)
    i.USBD_CtlError                          0x08003b6e   Section        0  usbd_ctlreq.o(i.USBD_CtlError)
    i.USBD_CtlPrepareRx                      0x08003b84   Section        0  usbd_ioreq.o(i.USBD_CtlPrepareRx)
    i.USBD_CtlReceiveStatus                  0x08003ba2   Section        0  usbd_ioreq.o(i.USBD_CtlReceiveStatus)
    i.USBD_CtlSendData                       0x08003bb8   Section        0  usbd_ioreq.o(i.USBD_CtlSendData)
    i.USBD_CtlSendStatus                     0x08003bd2   Section        0  usbd_ioreq.o(i.USBD_CtlSendStatus)
    i.USBD_FS_ConfigStrDescriptor            0x08003be8   Section        0  usbd_desc.o(i.USBD_FS_ConfigStrDescriptor)
    i.USBD_FS_DeviceDescriptor               0x08003c08   Section        0  usbd_desc.o(i.USBD_FS_DeviceDescriptor)
    i.USBD_FS_InterfaceStrDescriptor         0x08003c14   Section        0  usbd_desc.o(i.USBD_FS_InterfaceStrDescriptor)
    i.USBD_FS_LangIDStrDescriptor            0x08003c38   Section        0  usbd_desc.o(i.USBD_FS_LangIDStrDescriptor)
    i.USBD_FS_ManufacturerStrDescriptor      0x08003c44   Section        0  usbd_desc.o(i.USBD_FS_ManufacturerStrDescriptor)
    i.USBD_FS_ProductStrDescriptor           0x08003c6c   Section        0  usbd_desc.o(i.USBD_FS_ProductStrDescriptor)
    i.USBD_FS_SerialStrDescriptor            0x08003c98   Section        0  usbd_desc.o(i.USBD_FS_SerialStrDescriptor)
    i.USBD_GetDescriptor                     0x08003cbc   Section        0  usbd_ctlreq.o(i.USBD_GetDescriptor)
    USBD_GetDescriptor                       0x08003cbd   Thumb Code   224  usbd_ctlreq.o(i.USBD_GetDescriptor)
    i.USBD_GetString                         0x08003d9c   Section        0  usbd_ctlreq.o(i.USBD_GetString)
    i.USBD_Init                              0x08003de2   Section        0  usbd_core.o(i.USBD_Init)
    i.USBD_LL_ClearStallEP                   0x08003e0c   Section        0  usbd_conf.o(i.USBD_LL_ClearStallEP)
    i.USBD_LL_CloseEP                        0x08003e2c   Section        0  usbd_conf.o(i.USBD_LL_CloseEP)
    i.USBD_LL_DataInStage                    0x08003e4c   Section        0  usbd_core.o(i.USBD_LL_DataInStage)
    i.USBD_LL_DataOutStage                   0x08003ef6   Section        0  usbd_core.o(i.USBD_LL_DataOutStage)
    i.USBD_LL_GetRxDataSize                  0x08003f60   Section        0  usbd_conf.o(i.USBD_LL_GetRxDataSize)
    i.USBD_LL_Init                           0x08003f68   Section        0  usbd_conf.o(i.USBD_LL_Init)
    i.USBD_LL_IsStallEP                      0x08004008   Section        0  usbd_conf.o(i.USBD_LL_IsStallEP)
    i.USBD_LL_OpenEP                         0x08004024   Section        0  usbd_conf.o(i.USBD_LL_OpenEP)
    i.USBD_LL_PrepareReceive                 0x0800404a   Section        0  usbd_conf.o(i.USBD_LL_PrepareReceive)
    i.USBD_LL_Reset                          0x0800406a   Section        0  usbd_core.o(i.USBD_LL_Reset)
    i.USBD_LL_Resume                         0x080040a8   Section        0  usbd_core.o(i.USBD_LL_Resume)
    i.USBD_LL_SOF                            0x080040b4   Section        0  usbd_core.o(i.USBD_LL_SOF)
    i.USBD_LL_SetSpeed                       0x080040cc   Section        0  usbd_core.o(i.USBD_LL_SetSpeed)
    i.USBD_LL_SetUSBAddress                  0x080040d2   Section        0  usbd_conf.o(i.USBD_LL_SetUSBAddress)
    i.USBD_LL_SetupStage                     0x080040f2   Section        0  usbd_core.o(i.USBD_LL_SetupStage)
    i.USBD_LL_StallEP                        0x0800414c   Section        0  usbd_conf.o(i.USBD_LL_StallEP)
    i.USBD_LL_Start                          0x0800416c   Section        0  usbd_conf.o(i.USBD_LL_Start)
    i.USBD_LL_Suspend                        0x0800418c   Section        0  usbd_core.o(i.USBD_LL_Suspend)
    i.USBD_LL_Transmit                       0x0800419e   Section        0  usbd_conf.o(i.USBD_LL_Transmit)
    i.USBD_ParseSetupRequest                 0x080041be   Section        0  usbd_ctlreq.o(i.USBD_ParseSetupRequest)
    i.USBD_RegisterClass                     0x080041e6   Section        0  usbd_core.o(i.USBD_RegisterClass)
    i.USBD_SetClassConfig                    0x080041f6   Section        0  usbd_core.o(i.USBD_SetClassConfig)
    i.USBD_SetConfig                         0x0800420c   Section        0  usbd_ctlreq.o(i.USBD_SetConfig)
    USBD_SetConfig                           0x0800420d   Thumb Code   110  usbd_ctlreq.o(i.USBD_SetConfig)
    i.USBD_Start                             0x08004280   Section        0  usbd_core.o(i.USBD_Start)
    i.USBD_StdDevReq                         0x0800428a   Section        0  usbd_ctlreq.o(i.USBD_StdDevReq)
    i.USBD_StdEPReq                          0x0800437c   Section        0  usbd_ctlreq.o(i.USBD_StdEPReq)
    i.USBD_StdItfReq                         0x08004458   Section        0  usbd_ctlreq.o(i.USBD_StdItfReq)
    i.USBD_static_free                       0x0800448c   Section        0  usbd_conf.o(i.USBD_static_free)
    i.USBD_static_malloc                     0x08004490   Section        0  usbd_conf.o(i.USBD_static_malloc)
    i.USB_ActivateEndpoint                   0x08004498   Section        0  stm32f1xx_ll_usb.o(i.USB_ActivateEndpoint)
    i.USB_CoreInit                           0x080046f4   Section        0  stm32f1xx_ll_usb.o(i.USB_CoreInit)
    i.USB_DeactivateEndpoint                 0x080046f8   Section        0  stm32f1xx_ll_usb.o(i.USB_DeactivateEndpoint)
    i.USB_DevConnect                         0x0800481c   Section        0  stm32f1xx_ll_usb.o(i.USB_DevConnect)
    i.USB_DevDisconnect                      0x08004820   Section        0  stm32f1xx_ll_usb.o(i.USB_DevDisconnect)
    i.USB_DevInit                            0x08004824   Section        0  stm32f1xx_ll_usb.o(i.USB_DevInit)
    i.USB_DisableGlobalInt                   0x08004842   Section        0  stm32f1xx_ll_usb.o(i.USB_DisableGlobalInt)
    i.USB_EP0_OutStart                       0x08004850   Section        0  stm32f1xx_ll_usb.o(i.USB_EP0_OutStart)
    i.USB_EPClearStall                       0x08004854   Section        0  stm32f1xx_ll_usb.o(i.USB_EPClearStall)
    i.USB_EPSetStall                         0x080048be   Section        0  stm32f1xx_ll_usb.o(i.USB_EPSetStall)
    i.USB_EPStartXfer                        0x08004908   Section        0  stm32f1xx_ll_usb.o(i.USB_EPStartXfer)
    i.USB_EnableGlobalInt                    0x08004ab2   Section        0  stm32f1xx_ll_usb.o(i.USB_EnableGlobalInt)
    i.USB_LP_CAN1_RX0_IRQHandler             0x08004ac0   Section        0  stm32f1xx_it.o(i.USB_LP_CAN1_RX0_IRQHandler)
    i.USB_ReadInterrupts                     0x08004acc   Section        0  stm32f1xx_ll_usb.o(i.USB_ReadInterrupts)
    i.USB_ReadPMA                            0x08004ad4   Section        0  stm32f1xx_ll_usb.o(i.USB_ReadPMA)
    i.USB_SetCurrentMode                     0x08004af2   Section        0  stm32f1xx_ll_usb.o(i.USB_SetCurrentMode)
    i.USB_SetDevAddress                      0x08004af6   Section        0  stm32f1xx_ll_usb.o(i.USB_SetDevAddress)
    i.USB_WritePMA                           0x08004b02   Section        0  stm32f1xx_ll_usb.o(i.USB_WritePMA)
    i.UsageFault_Handler                     0x08004b28   Section        0  stm32f1xx_it.o(i.UsageFault_Handler)
    i._Error_Handler                         0x08004b2a   Section        0  main.o(i._Error_Handler)
    i.__ARM_fpclassify                       0x08004b2c   Section        0  fpclassify.o(i.__ARM_fpclassify)
    i.__ieee754_rem_pio2                     0x08004b54   Section        0  rred.o(i.__ieee754_rem_pio2)
    i.__kernel_cos                           0x08004edc   Section        0  cos_i.o(i.__kernel_cos)
    i.__kernel_poly                          0x08004fd8   Section        0  poly.o(i.__kernel_poly)
    i.__kernel_sin                           0x08005084   Section        0  sin_i.o(i.__kernel_sin)
    i.__mathlib_dbl_infnan                   0x08005170   Section        0  dunder.o(i.__mathlib_dbl_infnan)
    i.__mathlib_dbl_invalid                  0x08005176   Section        0  dunder.o(i.__mathlib_dbl_invalid)
    i.__mathlib_dbl_underflow                0x08005184   Section        0  dunder.o(i.__mathlib_dbl_underflow)
    i.__scatterload_copy                     0x08005194   Section       14  handlers.o(i.__scatterload_copy)
    i.__scatterload_null                     0x080051a2   Section        2  handlers.o(i.__scatterload_null)
    i.__scatterload_zeroinit                 0x080051a4   Section       14  handlers.o(i.__scatterload_zeroinit)
    i.__set_errno                            0x080051b4   Section        0  errno.o(i.__set_errno)
    i.char2double                            0x080051c0   Section        0  myfunctions.o(i.char2double)
    i.char2uint                              0x0800527c   Section        0  myfunctions.o(i.char2uint)
    i.cos                                    0x0800529c   Section        0  cos.o(i.cos)
    i.main                                   0x08005338   Section        0  main.o(i.main)
    i.round                                  0x08005488   Section        0  round.o(i.round)
    i.sin                                    0x0800551c   Section        0  sin.o(i.sin)
    .constdata                               0x080055bc   Section       16  system_stm32f1xx.o(.constdata)
    .constdata                               0x080055cc   Section        8  system_stm32f1xx.o(.constdata)
    .constdata                               0x080055d8   Section       48  cos_i.o(.constdata)
    C                                        0x080055d8   Data          48  cos_i.o(.constdata)
    .constdata                               0x08005608   Section      200  rred.o(.constdata)
    pio2s                                    0x08005608   Data          48  rred.o(.constdata)
    twooverpi                                0x08005638   Data         152  rred.o(.constdata)
    .constdata                               0x080056d0   Section       40  sin_i.o(.constdata)
    S                                        0x080056d0   Data          40  sin_i.o(.constdata)
    .conststring                             0x080056f8   Section       97  usbd_cdc_if.o(.conststring)
    .data                                    0x20000000   Section      219  usbd_cdc.o(.data)
    ifalt                                    0x20000000   Data           1  usbd_cdc.o(.data)
    USBD_CDC_DeviceQualifierDesc             0x20000004   Data          10  usbd_cdc.o(.data)
    .data                                    0x200000dc   Section       56  usbd_cdc.o(.data)
    .data                                    0x20000114   Section        1  usbd_ctlreq.o(.data)
    cfgidx                                   0x20000114   Data           1  usbd_ctlreq.o(.data)
    .data                                    0x20000118   Section       12  stm32f1xx_hal.o(.data)
    .data                                    0x20000124   Section        4  system_stm32f1xx.o(.data)
    .data                                    0x20000128   Section       28  usbd_desc.o(.data)
    .data                                    0x20000144   Section       22  usbd_desc.o(.data)
    .data                                    0x2000015c   Section       16  usbd_cdc_if.o(.data)
    .data                                    0x20000170   Section      144  main.o(.data)
    .data                                    0x20000200   Section        4  errno.o(.data)
    _errno                                   0x20000200   Data           4  errno.o(.data)
    .bss                                     0x20000204   Section     1664  usbd_conf.o(.bss)
    mem                                      0x20000204   Data         544  usbd_conf.o(.bss)
    .bss                                     0x20000884   Section      512  usbd_desc.o(.bss)
    .bss                                     0x20000a84   Section     2000  usbd_cdc_if.o(.bss)
    .bss                                     0x20001254   Section      272  main.o(.bss)
    .bss                                     0x20001364   Section       68  main.o(.bss)
    .bss                                     0x200013a8   Section      548  usb_device.o(.bss)
    STACK                                    0x200015d0   Section     1024  startup_stm32f103xb.o(STACK)

    Global Symbols

    Symbol Name                              Value     Ov Type        Size  Object(Section)

    BuildAttributes$$THM_ISAv4$P$D$K$B$S$PE$A:L22UL41UL21$X:L11$S22US41US21$IEEE1$IW$USESV6$~STKCKD$USESV7$~SHL$OTIME$ROPI$IEEEX$EBA8$MICROLIB$REQ8$PRES8$EABIv2 0x00000000   Number         0  anon$$obj.o ABSOLUTE
    __ARM_use_no_argv                        0x00000000   Number         0  main.o ABSOLUTE
    __cpp_initialize__aeabi_                  - Undefined Weak Reference
    __cxa_finalize                            - Undefined Weak Reference
    _clock_init                               - Undefined Weak Reference
    _microlib_exit                            - Undefined Weak Reference
    __Vectors_Size                           0x000000ec   Number         0  startup_stm32f103xb.o ABSOLUTE
    __Vectors                                0x08000000   Data           4  startup_stm32f103xb.o(RESET)
    __Vectors_End                            0x080000ec   Data           0  startup_stm32f103xb.o(RESET)
    __main                                   0x080000ed   Thumb Code     0  entry.o(.ARM.Collect$$$$00000000)
    _main_stk                                0x080000ed   Thumb Code     0  entry2.o(.ARM.Collect$$$$00000001)
    _main_scatterload                        0x080000f1   Thumb Code     0  entry5.o(.ARM.Collect$$$$00000004)
    __main_after_scatterload                 0x080000f5   Thumb Code     0  entry5.o(.ARM.Collect$$$$00000004)
    _main_clock                              0x080000f5   Thumb Code     0  entry7b.o(.ARM.Collect$$$$00000008)
    _main_cpp_init                           0x080000f5   Thumb Code     0  entry8b.o(.ARM.Collect$$$$0000000A)
    _main_init                               0x080000f5   Thumb Code     0  entry9a.o(.ARM.Collect$$$$0000000B)
    __rt_final_cpp                           0x080000fd   Thumb Code     0  entry10a.o(.ARM.Collect$$$$0000000D)
    __rt_final_exit                          0x080000fd   Thumb Code     0  entry11a.o(.ARM.Collect$$$$0000000F)
    Reset_Handler                            0x08000101   Thumb Code     8  startup_stm32f103xb.o(.text)
    CAN1_RX1_IRQHandler                      0x0800011b   Thumb Code     0  startup_stm32f103xb.o(.text)
    CAN1_SCE_IRQHandler                      0x0800011b   Thumb Code     0  startup_stm32f103xb.o(.text)
    DMA1_Channel2_IRQHandler                 0x0800011b   Thumb Code     0  startup_stm32f103xb.o(.text)
    DMA1_Channel3_IRQHandler                 0x0800011b   Thumb Code     0  startup_stm32f103xb.o(.text)
    DMA1_Channel4_IRQHandler                 0x0800011b   Thumb Code     0  startup_stm32f103xb.o(.text)
    DMA1_Channel5_IRQHandler                 0x0800011b   Thumb Code     0  startup_stm32f103xb.o(.text)
    DMA1_Channel6_IRQHandler                 0x0800011b   Thumb Code     0  startup_stm32f103xb.o(.text)
    DMA1_Channel7_IRQHandler                 0x0800011b   Thumb Code     0  startup_stm32f103xb.o(.text)
    EXTI0_IRQHandler                         0x0800011b   Thumb Code     0  startup_stm32f103xb.o(.text)
    EXTI15_10_IRQHandler                     0x0800011b   Thumb Code     0  startup_stm32f103xb.o(.text)
    EXTI1_IRQHandler                         0x0800011b   Thumb Code     0  startup_stm32f103xb.o(.text)
    EXTI2_IRQHandler                         0x0800011b   Thumb Code     0  startup_stm32f103xb.o(.text)
    EXTI3_IRQHandler                         0x0800011b   Thumb Code     0  startup_stm32f103xb.o(.text)
    EXTI4_IRQHandler                         0x0800011b   Thumb Code     0  startup_stm32f103xb.o(.text)
    EXTI9_5_IRQHandler                       0x0800011b   Thumb Code     0  startup_stm32f103xb.o(.text)
    FLASH_IRQHandler                         0x0800011b   Thumb Code     0  startup_stm32f103xb.o(.text)
    I2C1_ER_IRQHandler                       0x0800011b   Thumb Code     0  startup_stm32f103xb.o(.text)
    I2C1_EV_IRQHandler                       0x0800011b   Thumb Code     0  startup_stm32f103xb.o(.text)
    I2C2_ER_IRQHandler                       0x0800011b   Thumb Code     0  startup_stm32f103xb.o(.text)
    I2C2_EV_IRQHandler                       0x0800011b   Thumb Code     0  startup_stm32f103xb.o(.text)
    PVD_IRQHandler                           0x0800011b   Thumb Code     0  startup_stm32f103xb.o(.text)
    RCC_IRQHandler                           0x0800011b   Thumb Code     0  startup_stm32f103xb.o(.text)
    RTC_Alarm_IRQHandler                     0x0800011b   Thumb Code     0  startup_stm32f103xb.o(.text)
    RTC_IRQHandler                           0x0800011b   Thumb Code     0  startup_stm32f103xb.o(.text)
    SPI1_IRQHandler                          0x0800011b   Thumb Code     0  startup_stm32f103xb.o(.text)
    SPI2_IRQHandler                          0x0800011b   Thumb Code     0  startup_stm32f103xb.o(.text)
    TAMPER_IRQHandler                        0x0800011b   Thumb Code     0  startup_stm32f103xb.o(.text)
    TIM1_BRK_IRQHandler                      0x0800011b   Thumb Code     0  startup_stm32f103xb.o(.text)
    TIM1_CC_IRQHandler                       0x0800011b   Thumb Code     0  startup_stm32f103xb.o(.text)
    TIM1_TRG_COM_IRQHandler                  0x0800011b   Thumb Code     0  startup_stm32f103xb.o(.text)
    TIM1_UP_IRQHandler                       0x0800011b   Thumb Code     0  startup_stm32f103xb.o(.text)
    TIM2_IRQHandler                          0x0800011b   Thumb Code     0  startup_stm32f103xb.o(.text)
    USART1_IRQHandler                        0x0800011b   Thumb Code     0  startup_stm32f103xb.o(.text)
    USART2_IRQHandler                        0x0800011b   Thumb Code     0  startup_stm32f103xb.o(.text)
    USART3_IRQHandler                        0x0800011b   Thumb Code     0  startup_stm32f103xb.o(.text)
    USBWakeUp_IRQHandler                     0x0800011b   Thumb Code     0  startup_stm32f103xb.o(.text)
    USB_HP_CAN1_TX_IRQHandler                0x0800011b   Thumb Code     0  startup_stm32f103xb.o(.text)
    WWDG_IRQHandler                          0x0800011b   Thumb Code     0  startup_stm32f103xb.o(.text)
    __aeabi_llsr                             0x08000125   Thumb Code    32  llushr.o(.text)
    _ll_ushift_r                             0x08000125   Thumb Code     0  llushr.o(.text)
    __aeabi_memcpy                           0x08000145   Thumb Code    36  memcpya.o(.text)
    __aeabi_memcpy4                          0x08000145   Thumb Code     0  memcpya.o(.text)
    __aeabi_memcpy8                          0x08000145   Thumb Code     0  memcpya.o(.text)
    strlen                                   0x08000169   Thumb Code    14  strlen.o(.text)
    __aeabi_dadd                             0x08000177   Thumb Code   322  dadd.o(.text)
    __aeabi_dsub                             0x080002b9   Thumb Code     6  dadd.o(.text)
    __aeabi_drsub                            0x080002bf   Thumb Code     6  dadd.o(.text)
    __aeabi_dmul                             0x080002c5   Thumb Code   228  dmul.o(.text)
    __aeabi_ddiv                             0x080003a9   Thumb Code   222  ddiv.o(.text)
    __ARM_scalbn                             0x08000487   Thumb Code    46  dscalb.o(.text)
    scalbn                                   0x08000487   Thumb Code     0  dscalb.o(.text)
    __aeabi_i2d                              0x080004b5   Thumb Code    34  dflti.o(.text)
    __aeabi_ui2d                             0x080004d7   Thumb Code    26  dfltui.o(.text)
    __aeabi_d2iz                             0x080004f1   Thumb Code    62  dfixi.o(.text)
    __aeabi_d2uiz                            0x0800052f   Thumb Code    50  dfixui.o(.text)
    __aeabi_cdcmpeq                          0x08000561   Thumb Code     0  cdcmple.o(.text)
    __aeabi_cdcmple                          0x08000561   Thumb Code    48  cdcmple.o(.text)
    __aeabi_cdrcmple                         0x08000591   Thumb Code    48  cdrcmple.o(.text)
    __aeabi_llsl                             0x080005c1   Thumb Code    30  llshl.o(.text)
    _ll_shift_l                              0x080005c1   Thumb Code     0  llshl.o(.text)
    __aeabi_lasr                             0x080005df   Thumb Code    36  llsshr.o(.text)
    _ll_sshift_r                             0x080005df   Thumb Code     0  llsshr.o(.text)
    __I$use$fp                               0x08000603   Thumb Code     0  iusefp.o(.text)
    _double_round                            0x08000603   Thumb Code    30  depilogue.o(.text)
    _double_epilogue                         0x08000621   Thumb Code   156  depilogue.o(.text)
    _drnd                                    0x080006bd   Thumb Code   132  drnd.o(.text)
    __scatterload                            0x08000745   Thumb Code    28  init.o(.text)
    __scatterload_rt2                        0x08000745   Thumb Code     0  init.o(.text)
    __decompress                             0x08000769   Thumb Code     0  __dczerorl2.o(.text)
    __decompress1                            0x08000769   Thumb Code    86  __dczerorl2.o(.text)
    ADC1_2_IRQHandler                        0x080007c1   Thumb Code     6  stm32f1xx_it.o(i.ADC1_2_IRQHandler)
    ADC_ConversionStop_Disable               0x080007cd   Thumb Code    76  stm32f1xx_hal_adc.o(i.ADC_ConversionStop_Disable)
    ADC_DMAConvCplt                          0x08000819   Thumb Code    78  stm32f1xx_hal_adc.o(i.ADC_DMAConvCplt)
    ADC_DMAError                             0x08000867   Thumb Code    26  stm32f1xx_hal_adc.o(i.ADC_DMAError)
    ADC_DMAHalfConvCplt                      0x08000881   Thumb Code    10  stm32f1xx_hal_adc.o(i.ADC_DMAHalfConvCplt)
    ADC_Enable                               0x0800088d   Thumb Code   104  stm32f1xx_hal_adc.o(i.ADC_Enable)
    BusFault_Handler                         0x080008fd   Thumb Code     2  stm32f1xx_it.o(i.BusFault_Handler)
    CDC_Transmit_FS                          0x08000ba5   Thumb Code    38  usbd_cdc_if.o(i.CDC_Transmit_FS)
    DMA1_Channel1_IRQHandler                 0x08000bd1   Thumb Code     6  stm32f1xx_it.o(i.DMA1_Channel1_IRQHandler)
    DebugMon_Handler                         0x08000c07   Thumb Code     2  stm32f1xx_it.o(i.DebugMon_Handler)
    HAL_ADCEx_Calibration_Start              0x08000c09   Thumb Code   194  stm32f1xx_hal_adc_ex.o(i.HAL_ADCEx_Calibration_Start)
    HAL_ADCEx_InjectedConvCpltCallback       0x08000cd1   Thumb Code     2  stm32f1xx_hal_adc_ex.o(i.HAL_ADCEx_InjectedConvCpltCallback)
    HAL_ADC_ConfigChannel                    0x08000cd5   Thumb Code   240  stm32f1xx_hal_adc.o(i.HAL_ADC_ConfigChannel)
    HAL_ADC_ConvCpltCallback                 0x08000dd1   Thumb Code   674  main.o(i.HAL_ADC_ConvCpltCallback)
    HAL_ADC_ConvHalfCpltCallback             0x08001085   Thumb Code     2  stm32f1xx_hal_adc.o(i.HAL_ADC_ConvHalfCpltCallback)
    HAL_ADC_ErrorCallback                    0x08001087   Thumb Code     2  stm32f1xx_hal_adc.o(i.HAL_ADC_ErrorCallback)
    HAL_ADC_IRQHandler                       0x08001089   Thumb Code   230  stm32f1xx_hal_adc.o(i.HAL_ADC_IRQHandler)
    HAL_ADC_Init                             0x08001171   Thumb Code   272  stm32f1xx_hal_adc.o(i.HAL_ADC_Init)
    HAL_ADC_LevelOutOfWindowCallback         0x0800128d   Thumb Code     2  stm32f1xx_hal_adc.o(i.HAL_ADC_LevelOutOfWindowCallback)
    HAL_ADC_MspInit                          0x08001291   Thumb Code   116  stm32f1xx_hal_msp.o(i.HAL_ADC_MspInit)
    HAL_ADC_Start_DMA                        0x08001335   Thumb Code   246  stm32f1xx_hal_adc.o(i.HAL_ADC_Start_DMA)
    HAL_DMA_IRQHandler                       0x08001441   Thumb Code   316  stm32f1xx_hal_dma.o(i.HAL_DMA_IRQHandler)
    HAL_DMA_Init                             0x08001595   Thumb Code    92  stm32f1xx_hal_dma.o(i.HAL_DMA_Init)
    HAL_DMA_Start_IT                         0x080015f9   Thumb Code   112  stm32f1xx_hal_dma.o(i.HAL_DMA_Start_IT)
    HAL_GPIO_Init                            0x08001669   Thumb Code   408  stm32f1xx_hal_gpio.o(i.HAL_GPIO_Init)
    HAL_GPIO_TogglePin                       0x08001825   Thumb Code     8  stm32f1xx_hal_gpio.o(i.HAL_GPIO_TogglePin)
    HAL_GPIO_WritePin                        0x0800182d   Thumb Code    10  stm32f1xx_hal_gpio.o(i.HAL_GPIO_WritePin)
    HAL_GetTick                              0x08001839   Thumb Code     6  stm32f1xx_hal.o(i.HAL_GetTick)
    HAL_IncTick                              0x08001845   Thumb Code    12  stm32f1xx_hal.o(i.HAL_IncTick)
    HAL_Init                                 0x08001855   Thumb Code    32  stm32f1xx_hal.o(i.HAL_Init)
    HAL_InitTick                             0x08001879   Thumb Code    54  stm32f1xx_hal.o(i.HAL_InitTick)
    HAL_MspInit                              0x080018b9   Thumb Code   118  stm32f1xx_hal_msp.o(i.HAL_MspInit)
    HAL_NVIC_EnableIRQ                       0x08001939   Thumb Code    22  stm32f1xx_hal_cortex.o(i.HAL_NVIC_EnableIRQ)
    HAL_NVIC_SetPriority                     0x08001951   Thumb Code    60  stm32f1xx_hal_cortex.o(i.HAL_NVIC_SetPriority)
    HAL_NVIC_SetPriorityGrouping             0x08001991   Thumb Code    26  stm32f1xx_hal_cortex.o(i.HAL_NVIC_SetPriorityGrouping)
    HAL_PCDEx_PMAConfig                      0x080019b5   Thumb Code    52  stm32f1xx_hal_pcd_ex.o(i.HAL_PCDEx_PMAConfig)
    HAL_PCDEx_SetConnectionState             0x080019e9   Thumb Code     2  usbd_conf.o(i.HAL_PCDEx_SetConnectionState)
    HAL_PCD_DataInStageCallback              0x080019eb   Thumb Code    14  usbd_conf.o(i.HAL_PCD_DataInStageCallback)
    HAL_PCD_DataOutStageCallback             0x080019f9   Thumb Code    16  usbd_conf.o(i.HAL_PCD_DataOutStageCallback)
    HAL_PCD_EP_Close                         0x08001a09   Thumb Code    64  stm32f1xx_hal_pcd.o(i.HAL_PCD_EP_Close)
    HAL_PCD_EP_ClrStall                      0x08001a49   Thumb Code    72  stm32f1xx_hal_pcd.o(i.HAL_PCD_EP_ClrStall)
    HAL_PCD_EP_GetRxCount                    0x08001a91   Thumb Code    16  stm32f1xx_hal_pcd.o(i.HAL_PCD_EP_GetRxCount)
    HAL_PCD_EP_Open                          0x08001aa1   Thumb Code    68  stm32f1xx_hal_pcd.o(i.HAL_PCD_EP_Open)
    HAL_PCD_EP_Receive                       0x08001ae5   Thumb Code    46  stm32f1xx_hal_pcd.o(i.HAL_PCD_EP_Receive)
    HAL_PCD_EP_SetStall                      0x08001b13   Thumb Code    86  stm32f1xx_hal_pcd.o(i.HAL_PCD_EP_SetStall)
    HAL_PCD_EP_Transmit                      0x08001b69   Thumb Code    42  stm32f1xx_hal_pcd.o(i.HAL_PCD_EP_Transmit)
    HAL_PCD_IRQHandler                       0x08001b93   Thumb Code   268  stm32f1xx_hal_pcd.o(i.HAL_PCD_IRQHandler)
    HAL_PCD_Init                             0x08001ca1   Thumb Code   192  stm32f1xx_hal_pcd.o(i.HAL_PCD_Init)
    HAL_PCD_MspInit                          0x08001d61   Thumb Code    50  usbd_conf.o(i.HAL_PCD_MspInit)
    HAL_PCD_ResetCallback                    0x08001d9d   Thumb Code    26  usbd_conf.o(i.HAL_PCD_ResetCallback)
    HAL_PCD_ResumeCallback                   0x08001db7   Thumb Code     8  usbd_conf.o(i.HAL_PCD_ResumeCallback)
    HAL_PCD_SOFCallback                      0x08001dbf   Thumb Code     8  usbd_conf.o(i.HAL_PCD_SOFCallback)
    HAL_PCD_SetAddress                       0x08001dc7   Thumb Code    40  stm32f1xx_hal_pcd.o(i.HAL_PCD_SetAddress)
    HAL_PCD_SetupStageCallback               0x08001def   Thumb Code    14  usbd_conf.o(i.HAL_PCD_SetupStageCallback)
    HAL_PCD_Start                            0x08001dfd   Thumb Code    50  stm32f1xx_hal_pcd.o(i.HAL_PCD_Start)
    HAL_PCD_SuspendCallback                  0x08001e31   Thumb Code    30  usbd_conf.o(i.HAL_PCD_SuspendCallback)
    HAL_RCCEx_GetPeriphCLKFreq               0x08001e55   Thumb Code   166  stm32f1xx_hal_rcc_ex.o(i.HAL_RCCEx_GetPeriphCLKFreq)
    HAL_RCCEx_PeriphCLKConfig                0x08001f1d   Thumb Code   224  stm32f1xx_hal_rcc_ex.o(i.HAL_RCCEx_PeriphCLKConfig)
    HAL_RCC_ClockConfig                      0x08002009   Thumb Code   322  stm32f1xx_hal_rcc.o(i.HAL_RCC_ClockConfig)
    HAL_RCC_GetHCLKFreq                      0x0800215d   Thumb Code     6  stm32f1xx_hal_rcc.o(i.HAL_RCC_GetHCLKFreq)
    HAL_RCC_GetPCLK2Freq                     0x08002169   Thumb Code    20  stm32f1xx_hal_rcc.o(i.HAL_RCC_GetPCLK2Freq)
    HAL_RCC_GetSysClockFreq                  0x08002189   Thumb Code    74  stm32f1xx_hal_rcc.o(i.HAL_RCC_GetSysClockFreq)
    HAL_RCC_OscConfig                        0x080021f5   Thumb Code   750  stm32f1xx_hal_rcc.o(i.HAL_RCC_OscConfig)
    HAL_SYSTICK_CLKSourceConfig              0x080024f9   Thumb Code    24  stm32f1xx_hal_cortex.o(i.HAL_SYSTICK_CLKSourceConfig)
    HAL_SYSTICK_Callback                     0x08002511   Thumb Code     2  stm32f1xx_hal_cortex.o(i.HAL_SYSTICK_Callback)
    HAL_SYSTICK_Config                       0x08002513   Thumb Code    40  stm32f1xx_hal_cortex.o(i.HAL_SYSTICK_Config)
    HAL_SYSTICK_IRQHandler                   0x0800253b   Thumb Code     8  stm32f1xx_hal_cortex.o(i.HAL_SYSTICK_IRQHandler)
    HAL_TIMEx_BreakCallback                  0x08002543   Thumb Code     2  stm32f1xx_hal_tim_ex.o(i.HAL_TIMEx_BreakCallback)
    HAL_TIMEx_CommutationCallback            0x08002545   Thumb Code     2  stm32f1xx_hal_tim_ex.o(i.HAL_TIMEx_CommutationCallback)
    HAL_TIMEx_MasterConfigSynchronization    0x08002547   Thumb Code    80  stm32f1xx_hal_tim_ex.o(i.HAL_TIMEx_MasterConfigSynchronization)
    HAL_TIM_Base_Init                        0x08002597   Thumb Code    54  stm32f1xx_hal_tim.o(i.HAL_TIM_Base_Init)
    HAL_TIM_Base_MspInit                     0x080025cd   Thumb Code   108  stm32f1xx_hal_msp.o(i.HAL_TIM_Base_MspInit)
    HAL_TIM_Base_Start_IT                    0x08002645   Thumb Code    24  stm32f1xx_hal_tim.o(i.HAL_TIM_Base_Start_IT)
    HAL_TIM_Base_Stop_IT                     0x0800265d   Thumb Code    42  stm32f1xx_hal_tim.o(i.HAL_TIM_Base_Stop_IT)
    HAL_TIM_ConfigClockSource                0x08002687   Thumb Code   242  stm32f1xx_hal_tim.o(i.HAL_TIM_ConfigClockSource)
    HAL_TIM_IC_CaptureCallback               0x08002779   Thumb Code     2  stm32f1xx_hal_tim.o(i.HAL_TIM_IC_CaptureCallback)
    HAL_TIM_IRQHandler                       0x0800277b   Thumb Code   358  stm32f1xx_hal_tim.o(i.HAL_TIM_IRQHandler)
    HAL_TIM_MspPostInit                      0x080028e1   Thumb Code    30  stm32f1xx_hal_msp.o(i.HAL_TIM_MspPostInit)
    HAL_TIM_OC_DelayElapsedCallback          0x08002905   Thumb Code     2  stm32f1xx_hal_tim.o(i.HAL_TIM_OC_DelayElapsedCallback)
    HAL_TIM_PWM_ConfigChannel                0x08002907   Thumb Code   208  stm32f1xx_hal_tim.o(i.HAL_TIM_PWM_ConfigChannel)
    HAL_TIM_PWM_Init                         0x080029d7   Thumb Code    54  stm32f1xx_hal_tim.o(i.HAL_TIM_PWM_Init)
    HAL_TIM_PWM_MspInit                      0x08002a0d   Thumb Code     2  stm32f1xx_hal_tim.o(i.HAL_TIM_PWM_MspInit)
    HAL_TIM_PWM_PulseFinishedCallback        0x08002a0f   Thumb Code     2  stm32f1xx_hal_tim.o(i.HAL_TIM_PWM_PulseFinishedCallback)
    HAL_TIM_PWM_Start                        0x08002a11   Thumb Code    42  stm32f1xx_hal_tim.o(i.HAL_TIM_PWM_Start)
    HAL_TIM_PWM_Stop                         0x08002a41   Thumb Code    78  stm32f1xx_hal_tim.o(i.HAL_TIM_PWM_Stop)
    HAL_TIM_PeriodElapsedCallback            0x08002a95   Thumb Code   232  main.o(i.HAL_TIM_PeriodElapsedCallback)
    HAL_TIM_TriggerCallback                  0x08002b95   Thumb Code     2  stm32f1xx_hal_tim.o(i.HAL_TIM_TriggerCallback)
    HardFault_Handler                        0x08002b97   Thumb Code     2  stm32f1xx_it.o(i.HardFault_Handler)
    MX_USB_DEVICE_Init                       0x08002e11   Thumb Code    38  usb_device.o(i.MX_USB_DEVICE_Init)
    Main_FilterApConfig                      0x08002e49   Thumb Code    34  main.o(i.Main_FilterApConfig)
    Main_FilterApSetState                    0x08002e79   Thumb Code    16  main.o(i.Main_FilterApSetState)
    Main_FilterKihConfig                     0x08002e8d   Thumb Code   402  main.o(i.Main_FilterKihConfig)
    Main_PWMPrescSet                         0x08003055   Thumb Code    78  main.o(i.Main_PWMPrescSet)
    Main_SinTimerReconfig                    0x080030a9   Thumb Code   264  main.o(i.Main_SinTimerReconfig)
    Main_Sin_SetFreq                         0x080031d1   Thumb Code    50  main.o(i.Main_Sin_SetFreq)
    Main_TelePhaseSetState                   0x08003209   Thumb Code    22  main.o(i.Main_TelePhaseSetState)
    Main_TeleSetState                        0x08003229   Thumb Code    22  main.o(i.Main_TeleSetState)
    MemManage_Handler                        0x08003249   Thumb Code     2  stm32f1xx_it.o(i.MemManage_Handler)
    NMI_Handler                              0x0800324b   Thumb Code     2  stm32f1xx_it.o(i.NMI_Handler)
    PendSV_Handler                           0x080035cf   Thumb Code     2  stm32f1xx_it.o(i.PendSV_Handler)
    SVC_Handler                              0x080035d1   Thumb Code     2  stm32f1xx_it.o(i.SVC_Handler)
    SysTick_Handler                          0x080035d3   Thumb Code    14  stm32f1xx_it.o(i.SysTick_Handler)
    SystemClock_Config                       0x080035e1   Thumb Code   126  main.o(i.SystemClock_Config)
    SystemInit                               0x08003661   Thumb Code    56  system_stm32f1xx.o(i.SystemInit)
    TIM3_IRQHandler                          0x080036a9   Thumb Code     6  stm32f1xx_it.o(i.TIM3_IRQHandler)
    TIM4_IRQHandler                          0x080036b5   Thumb Code     6  stm32f1xx_it.o(i.TIM4_IRQHandler)
    TIM_Base_SetConfig                       0x080036c1   Thumb Code    94  stm32f1xx_hal_tim.o(i.TIM_Base_SetConfig)
    TIM_CCxChannelCmd                        0x0800372d   Thumb Code    22  stm32f1xx_hal_tim.o(i.TIM_CCxChannelCmd)
    TIM_OC2_SetConfig                        0x080037b9   Thumb Code    84  stm32f1xx_hal_tim.o(i.TIM_OC2_SetConfig)
    USBD_CDC_GetDeviceQualifierDescriptor    0x08003995   Thumb Code     8  usbd_cdc.o(i.USBD_CDC_GetDeviceQualifierDescriptor)
    USBD_CDC_ReceivePacket                   0x08003a4d   Thumb Code    40  usbd_cdc.o(i.USBD_CDC_ReceivePacket)
    USBD_CDC_RegisterInterface               0x08003a75   Thumb Code    16  usbd_cdc.o(i.USBD_CDC_RegisterInterface)
    USBD_CDC_SetRxBuffer                     0x08003a85   Thumb Code    12  usbd_cdc.o(i.USBD_CDC_SetRxBuffer)
    USBD_CDC_SetTxBuffer                     0x08003a91   Thumb Code    16  usbd_cdc.o(i.USBD_CDC_SetTxBuffer)
    USBD_CDC_TransmitPacket                  0x08003b11   Thumb Code    48  usbd_cdc.o(i.USBD_CDC_TransmitPacket)
    USBD_ClrClassConfig                      0x08003b41   Thumb Code    14  usbd_core.o(i.USBD_ClrClassConfig)
    USBD_CtlContinueRx                       0x08003b4f   Thumb Code    16  usbd_ioreq.o(i.USBD_CtlContinueRx)
    USBD_CtlContinueSendData                 0x08003b5f   Thumb Code    16  usbd_ioreq.o(i.USBD_CtlContinueSendData)
    USBD_CtlError                            0x08003b6f   Thumb Code    22  usbd_ctlreq.o(i.USBD_CtlError)
    USBD_CtlPrepareRx                        0x08003b85   Thumb Code    30  usbd_ioreq.o(i.USBD_CtlPrepareRx)
    USBD_CtlReceiveStatus                    0x08003ba3   Thumb Code    22  usbd_ioreq.o(i.USBD_CtlReceiveStatus)
    USBD_CtlSendData                         0x08003bb9   Thumb Code    26  usbd_ioreq.o(i.USBD_CtlSendData)
    USBD_CtlSendStatus                       0x08003bd3   Thumb Code    22  usbd_ioreq.o(i.USBD_CtlSendStatus)
    USBD_FS_ConfigStrDescriptor              0x08003be9   Thumb Code    16  usbd_desc.o(i.USBD_FS_ConfigStrDescriptor)
    USBD_FS_DeviceDescriptor                 0x08003c09   Thumb Code     8  usbd_desc.o(i.USBD_FS_DeviceDescriptor)
    USBD_FS_InterfaceStrDescriptor           0x08003c15   Thumb Code    16  usbd_desc.o(i.USBD_FS_InterfaceStrDescriptor)
    USBD_FS_LangIDStrDescriptor              0x08003c39   Thumb Code     8  usbd_desc.o(i.USBD_FS_LangIDStrDescriptor)
    USBD_FS_ManufacturerStrDescriptor        0x08003c45   Thumb Code    16  usbd_desc.o(i.USBD_FS_ManufacturerStrDescriptor)
    USBD_FS_ProductStrDescriptor             0x08003c6d   Thumb Code    16  usbd_desc.o(i.USBD_FS_ProductStrDescriptor)
    USBD_FS_SerialStrDescriptor              0x08003c99   Thumb Code    16  usbd_desc.o(i.USBD_FS_SerialStrDescriptor)
    USBD_GetString                           0x08003d9d   Thumb Code    70  usbd_ctlreq.o(i.USBD_GetString)
    USBD_Init                                0x08003de3   Thumb Code    42  usbd_core.o(i.USBD_Init)
    USBD_LL_ClearStallEP                     0x08003e0d   Thumb Code    32  usbd_conf.o(i.USBD_LL_ClearStallEP)
    USBD_LL_CloseEP                          0x08003e2d   Thumb Code    32  usbd_conf.o(i.USBD_LL_CloseEP)
    USBD_LL_DataInStage                      0x08003e4d   Thumb Code   170  usbd_core.o(i.USBD_LL_DataInStage)
    USBD_LL_DataOutStage                     0x08003ef7   Thumb Code   106  usbd_core.o(i.USBD_LL_DataOutStage)
    USBD_LL_GetRxDataSize                    0x08003f61   Thumb Code     8  usbd_conf.o(i.USBD_LL_GetRxDataSize)
    USBD_LL_Init                             0x08003f69   Thumb Code   130  usbd_conf.o(i.USBD_LL_Init)
    USBD_LL_IsStallEP                        0x08004009   Thumb Code    28  usbd_conf.o(i.USBD_LL_IsStallEP)
    USBD_LL_OpenEP                           0x08004025   Thumb Code    38  usbd_conf.o(i.USBD_LL_OpenEP)
    USBD_LL_PrepareReceive                   0x0800404b   Thumb Code    32  usbd_conf.o(i.USBD_LL_PrepareReceive)
    USBD_LL_Reset                            0x0800406b   Thumb Code    62  usbd_core.o(i.USBD_LL_Reset)
    USBD_LL_Resume                           0x080040a9   Thumb Code    12  usbd_core.o(i.USBD_LL_Resume)
    USBD_LL_SOF                              0x080040b5   Thumb Code    24  usbd_core.o(i.USBD_LL_SOF)
    USBD_LL_SetSpeed                         0x080040cd   Thumb Code     6  usbd_core.o(i.USBD_LL_SetSpeed)
    USBD_LL_SetUSBAddress                    0x080040d3   Thumb Code    32  usbd_conf.o(i.USBD_LL_SetUSBAddress)
    USBD_LL_SetupStage                       0x080040f3   Thumb Code    90  usbd_core.o(i.USBD_LL_SetupStage)
    USBD_LL_StallEP                          0x0800414d   Thumb Code    32  usbd_conf.o(i.USBD_LL_StallEP)
    USBD_LL_Start                            0x0800416d   Thumb Code    32  usbd_conf.o(i.USBD_LL_Start)
    USBD_LL_Suspend                          0x0800418d   Thumb Code    18  usbd_core.o(i.USBD_LL_Suspend)
    USBD_LL_Transmit                         0x0800419f   Thumb Code    32  usbd_conf.o(i.USBD_LL_Transmit)
    USBD_ParseSetupRequest                   0x080041bf   Thumb Code    40  usbd_ctlreq.o(i.USBD_ParseSetupRequest)
    USBD_RegisterClass                       0x080041e7   Thumb Code    16  usbd_core.o(i.USBD_RegisterClass)
    USBD_SetClassConfig                      0x080041f7   Thumb Code    22  usbd_core.o(i.USBD_SetClassConfig)
    USBD_Start                               0x08004281   Thumb Code    10  usbd_core.o(i.USBD_Start)
    USBD_StdDevReq                           0x0800428b   Thumb Code   242  usbd_ctlreq.o(i.USBD_StdDevReq)
    USBD_StdEPReq                            0x0800437d   Thumb Code   220  usbd_ctlreq.o(i.USBD_StdEPReq)
    USBD_StdItfReq                           0x08004459   Thumb Code    52  usbd_ctlreq.o(i.USBD_StdItfReq)
    USBD_static_free                         0x0800448d   Thumb Code     2  usbd_conf.o(i.USBD_static_free)
    USBD_static_malloc                       0x08004491   Thumb Code     4  usbd_conf.o(i.USBD_static_malloc)
    USB_ActivateEndpoint                     0x08004499   Thumb Code   604  stm32f1xx_ll_usb.o(i.USB_ActivateEndpoint)
    USB_CoreInit                             0x080046f5   Thumb Code     4  stm32f1xx_ll_usb.o(i.USB_CoreInit)
    USB_DeactivateEndpoint                   0x080046f9   Thumb Code   292  stm32f1xx_ll_usb.o(i.USB_DeactivateEndpoint)
    USB_DevConnect                           0x0800481d   Thumb Code     4  stm32f1xx_ll_usb.o(i.USB_DevConnect)
    USB_DevDisconnect                        0x08004821   Thumb Code     4  stm32f1xx_ll_usb.o(i.USB_DevDisconnect)
    USB_DevInit                              0x08004825   Thumb Code    30  stm32f1xx_ll_usb.o(i.USB_DevInit)
    USB_DisableGlobalInt                     0x08004843   Thumb Code    14  stm32f1xx_ll_usb.o(i.USB_DisableGlobalInt)
    USB_EP0_OutStart                         0x08004851   Thumb Code     4  stm32f1xx_ll_usb.o(i.USB_EP0_OutStart)
    USB_EPClearStall                         0x08004855   Thumb Code   106  stm32f1xx_ll_usb.o(i.USB_EPClearStall)
    USB_EPSetStall                           0x080048bf   Thumb Code    74  stm32f1xx_ll_usb.o(i.USB_EPSetStall)
    USB_EPStartXfer                          0x08004909   Thumb Code   426  stm32f1xx_ll_usb.o(i.USB_EPStartXfer)
    USB_EnableGlobalInt                      0x08004ab3   Thumb Code    14  stm32f1xx_ll_usb.o(i.USB_EnableGlobalInt)
    USB_LP_CAN1_RX0_IRQHandler               0x08004ac1   Thumb Code     6  stm32f1xx_it.o(i.USB_LP_CAN1_RX0_IRQHandler)
    USB_ReadInterrupts                       0x08004acd   Thumb Code     6  stm32f1xx_ll_usb.o(i.USB_ReadInterrupts)
    USB_ReadPMA                              0x08004ad5   Thumb Code    30  stm32f1xx_ll_usb.o(i.USB_ReadPMA)
    USB_SetCurrentMode                       0x08004af3   Thumb Code     4  stm32f1xx_ll_usb.o(i.USB_SetCurrentMode)
    USB_SetDevAddress                        0x08004af7   Thumb Code    12  stm32f1xx_ll_usb.o(i.USB_SetDevAddress)
    USB_WritePMA                             0x08004b03   Thumb Code    38  stm32f1xx_ll_usb.o(i.USB_WritePMA)
    UsageFault_Handler                       0x08004b29   Thumb Code     2  stm32f1xx_it.o(i.UsageFault_Handler)
    _Error_Handler                           0x08004b2b   Thumb Code     2  main.o(i._Error_Handler)
    __ARM_fpclassify                         0x08004b2d   Thumb Code    40  fpclassify.o(i.__ARM_fpclassify)
    __ieee754_rem_pio2                       0x08004b55   Thumb Code   828  rred.o(i.__ieee754_rem_pio2)
    __kernel_cos                             0x08004edd   Thumb Code   230  cos_i.o(i.__kernel_cos)
    __kernel_poly                            0x08004fd9   Thumb Code   170  poly.o(i.__kernel_poly)
    __kernel_sin                             0x08005085   Thumb Code   224  sin_i.o(i.__kernel_sin)
    __mathlib_dbl_infnan                     0x08005171   Thumb Code     6  dunder.o(i.__mathlib_dbl_infnan)
    __mathlib_dbl_invalid                    0x08005177   Thumb Code    12  dunder.o(i.__mathlib_dbl_invalid)
    __mathlib_dbl_underflow                  0x08005185   Thumb Code    10  dunder.o(i.__mathlib_dbl_underflow)
    __scatterload_copy                       0x08005195   Thumb Code    14  handlers.o(i.__scatterload_copy)
    __scatterload_null                       0x080051a3   Thumb Code     2  handlers.o(i.__scatterload_null)
    __scatterload_zeroinit                   0x080051a5   Thumb Code    14  handlers.o(i.__scatterload_zeroinit)
    __set_errno                              0x080051b5   Thumb Code     6  errno.o(i.__set_errno)
    char2double                              0x080051c1   Thumb Code   174  myfunctions.o(i.char2double)
    char2uint                                0x0800527d   Thumb Code    32  myfunctions.o(i.char2uint)
    cos                                      0x0800529d   Thumb Code   148  cos.o(i.cos)
    main                                     0x08005339   Thumb Code   308  main.o(i.main)
    round                                    0x08005489   Thumb Code   136  round.o(i.round)
    sin                                      0x0800551d   Thumb Code   150  sin.o(i.sin)
    AHBPrescTable                            0x080055bc   Data          16  system_stm32f1xx.o(.constdata)
    APBPrescTable                            0x080055cc   Data           8  system_stm32f1xx.o(.constdata)
    Region$$Table$$Base                      0x0800575c   Number         0  anon$$obj.o(Region$$Table)
    Region$$Table$$Limit                     0x0800577c   Number         0  anon$$obj.o(Region$$Table)
    USBD_CDC_CfgHSDesc                       0x20000010   Data          67  usbd_cdc.o(.data)
    USBD_CDC_CfgFSDesc                       0x20000054   Data          67  usbd_cdc.o(.data)
    USBD_CDC_OtherSpeedCfgDesc               0x20000098   Data          67  usbd_cdc.o(.data)
    USBD_CDC                                 0x200000dc   Data          56  usbd_cdc.o(.data)
    uwTickFreq                               0x20000118   Data           1  stm32f1xx_hal.o(.data)
    uwTickPrio                               0x2000011c   Data           4  stm32f1xx_hal.o(.data)
    uwTick                                   0x20000120   Data           4  stm32f1xx_hal.o(.data)
    SystemCoreClock                          0x20000124   Data           4  system_stm32f1xx.o(.data)
    FS_Desc                                  0x20000128   Data          28  usbd_desc.o(.data)
    USBD_LangIDDesc                          0x20000144   Data           4  usbd_desc.o(.data)
    USBD_FS_DeviceDesc                       0x20000148   Data          18  usbd_desc.o(.data)
    USBD_Interface_fops_FS                   0x2000015c   Data          16  usbd_cdc_if.o(.data)
    filterApFlag                             0x20000170   Data           1  main.o(.data)
    teleFlag                                 0x20000171   Data           1  main.o(.data)
    telePhaseFlag                            0x20000172   Data           1  main.o(.data)
    sinTicksDelayChanged                     0x20000173   Data           1  main.o(.data)
    counter                                  0x20000174   Data           4  main.o(.data)
    teleCounter                              0x20000178   Data           4  main.o(.data)
    sinTCount                                0x2000017c   Data           4  main.o(.data)
    sinTiksPerTCount                         0x20000180   Data           4  main.o(.data)
    sinTicksLastZero                         0x20000184   Data           4  main.o(.data)
    sinTicksDelay                            0x20000188   Data           4  main.o(.data)
    inVal                                    0x2000018c   Data           4  main.o(.data)
    inValPrev                                0x20000190   Data           4  main.o(.data)
    sinVal                                   0x20000194   Data           4  main.o(.data)
    ampVal                                   0x20000198   Data           4  main.o(.data)
    amp2send                                 0x2000019c   Data           4  main.o(.data)
    ampSendSinTCount                         0x200001a0   Data           4  main.o(.data)
    sinOut                                   0x200001a8   Data           8  main.o(.data)
    sinOutPrev                               0x200001b0   Data           8  main.o(.data)
    sinFreq                                  0x200001b8   Data           8  main.o(.data)
    sinT                                     0x200001c0   Data           8  main.o(.data)
    sinAmpl                                  0x200001c8   Data           8  main.o(.data)
    sinFreqCount                             0x200001d0   Data           8  main.o(.data)
    sinDt                                    0x200001d8   Data           8  main.o(.data)
    filterDt                                 0x200001e0   Data           8  main.o(.data)
    filterApT                                0x200001e8   Data           8  main.o(.data)
    ADC_Data                                 0x200001f0   Data           8  main.o(.data)
    ADC_Buf                                  0x200001f8   Data           8  main.o(.data)
    hpcd_USB_FS                              0x20000424   Data        1120  usbd_conf.o(.bss)
    USBD_StrDesc                             0x20000884   Data         512  usbd_desc.o(.bss)
    UserRxBufferFS                           0x20000a84   Data        1000  usbd_cdc_if.o(.bss)
    UserTxBufferFS                           0x20000e6c   Data        1000  usbd_cdc_if.o(.bss)
    hadc1                                    0x20001254   Data          48  main.o(.bss)
    htim2                                    0x20001284   Data          64  main.o(.bss)
    htim3                                    0x200012c4   Data          64  main.o(.bss)
    htim4                                    0x20001304   Data          64  main.o(.bss)
    filterKihH                               0x20001344   Data          32  main.o(.bss)
    hdma_adc1                                0x20001364   Data          68  main.o(.bss)
    hUsbDeviceFS                             0x200013a8   Data         548  usb_device.o(.bss)
    __initial_sp                             0x200019d0   Data           0  startup_stm32f103xb.o(STACK)



==============================================================================

Memory Map of the image

  Image Entry point : 0x080000ed

  Load Region LR_IROM1 (Base: 0x08000000, Size: 0x00005980, Max: 0x00010000, ABSOLUTE, COMPRESSED[0x00005848])

    Execution Region ER_IROM1 (Exec base: 0x08000000, Load base: 0x08000000, Size: 0x0000577c, Max: 0x00010000, ABSOLUTE)

    Exec Addr    Load Addr    Size         Type   Attr      Idx    E Section Name        Object

    0x08000000   0x08000000   0x000000ec   Data   RO            3    RESET               startup_stm32f103xb.o
    0x080000ec   0x080000ec   0x00000000   Code   RO         3750  * .ARM.Collect$$$$00000000  mc_w.l(entry.o)
    0x080000ec   0x080000ec   0x00000004   Code   RO         3809    .ARM.Collect$$$$00000001  mc_w.l(entry2.o)
    0x080000f0   0x080000f0   0x00000004   Code   RO         3812    .ARM.Collect$$$$00000004  mc_w.l(entry5.o)
    0x080000f4   0x080000f4   0x00000000   Code   RO         3814    .ARM.Collect$$$$00000008  mc_w.l(entry7b.o)
    0x080000f4   0x080000f4   0x00000000   Code   RO         3816    .ARM.Collect$$$$0000000A  mc_w.l(entry8b.o)
    0x080000f4   0x080000f4   0x00000008   Code   RO         3817    .ARM.Collect$$$$0000000B  mc_w.l(entry9a.o)
    0x080000fc   0x080000fc   0x00000000   Code   RO         3819    .ARM.Collect$$$$0000000D  mc_w.l(entry10a.o)
    0x080000fc   0x080000fc   0x00000000   Code   RO         3821    .ARM.Collect$$$$0000000F  mc_w.l(entry11a.o)
    0x080000fc   0x080000fc   0x00000004   Code   RO         3810    .ARM.Collect$$$$00002712  mc_w.l(entry2.o)
    0x08000100   0x08000100   0x00000024   Code   RO            4    .text               startup_stm32f103xb.o
    0x08000124   0x08000124   0x00000020   Code   RO         3753    .text               mc_w.l(llushr.o)
    0x08000144   0x08000144   0x00000024   Code   RO         3755    .text               mc_w.l(memcpya.o)
    0x08000168   0x08000168   0x0000000e   Code   RO         3757    .text               mc_w.l(strlen.o)
    0x08000176   0x08000176   0x0000014e   Code   RO         3761    .text               mf_w.l(dadd.o)
    0x080002c4   0x080002c4   0x000000e4   Code   RO         3763    .text               mf_w.l(dmul.o)
    0x080003a8   0x080003a8   0x000000de   Code   RO         3765    .text               mf_w.l(ddiv.o)
    0x08000486   0x08000486   0x0000002e   Code   RO         3767    .text               mf_w.l(dscalb.o)
    0x080004b4   0x080004b4   0x00000022   Code   RO         3769    .text               mf_w.l(dflti.o)
    0x080004d6   0x080004d6   0x0000001a   Code   RO         3771    .text               mf_w.l(dfltui.o)
    0x080004f0   0x080004f0   0x0000003e   Code   RO         3773    .text               mf_w.l(dfixi.o)
    0x0800052e   0x0800052e   0x00000032   Code   RO         3775    .text               mf_w.l(dfixui.o)
    0x08000560   0x08000560   0x00000030   Code   RO         3777    .text               mf_w.l(cdcmple.o)
    0x08000590   0x08000590   0x00000030   Code   RO         3779    .text               mf_w.l(cdrcmple.o)
    0x080005c0   0x080005c0   0x0000001e   Code   RO         3823    .text               mc_w.l(llshl.o)
    0x080005de   0x080005de   0x00000024   Code   RO         3825    .text               mc_w.l(llsshr.o)
    0x08000602   0x08000602   0x00000000   Code   RO         3834    .text               mc_w.l(iusefp.o)
    0x08000602   0x08000602   0x000000ba   Code   RO         3835    .text               mf_w.l(depilogue.o)
    0x080006bc   0x080006bc   0x00000088   Code   RO         3837    .text               mf_w.l(drnd.o)
    0x08000744   0x08000744   0x00000024   Code   RO         3843    .text               mc_w.l(init.o)
    0x08000768   0x08000768   0x00000056   Code   RO         3853    .text               mc_w.l(__dczerorl2.o)
    0x080007be   0x080007be   0x00000002   PAD
    0x080007c0   0x080007c0   0x0000000c   Code   RO         3374    i.ADC1_2_IRQHandler  stm32f1xx_it.o
    0x080007cc   0x080007cc   0x0000004c   Code   RO         2822    i.ADC_ConversionStop_Disable  stm32f1xx_hal_adc.o
    0x08000818   0x08000818   0x0000004e   Code   RO         2823    i.ADC_DMAConvCplt   stm32f1xx_hal_adc.o
    0x08000866   0x08000866   0x0000001a   Code   RO         2824    i.ADC_DMAError      stm32f1xx_hal_adc.o
    0x08000880   0x08000880   0x0000000a   Code   RO         2825    i.ADC_DMAHalfConvCplt  stm32f1xx_hal_adc.o
    0x0800088a   0x0800088a   0x00000002   PAD
    0x0800088c   0x0800088c   0x00000070   Code   RO         2826    i.ADC_Enable        stm32f1xx_hal_adc.o
    0x080008fc   0x080008fc   0x00000002   Code   RO         3375    i.BusFault_Handler  stm32f1xx_it.o
    0x080008fe   0x080008fe   0x00000004   Code   RO         3480    i.CDC_Control_FS    usbd_cdc_if.o
    0x08000902   0x08000902   0x00000004   Code   RO         3481    i.CDC_DeInit_FS     usbd_cdc_if.o
    0x08000906   0x08000906   0x00000002   PAD
    0x08000908   0x08000908   0x00000024   Code   RO         3482    i.CDC_Init_FS       usbd_cdc_if.o
    0x0800092c   0x0800092c   0x00000278   Code   RO         3483    i.CDC_Receive_FS    usbd_cdc_if.o
    0x08000ba4   0x08000ba4   0x0000002c   Code   RO         3484    i.CDC_Transmit_FS   usbd_cdc_if.o
    0x08000bd0   0x08000bd0   0x0000000c   Code   RO         3376    i.DMA1_Channel1_IRQHandler  stm32f1xx_it.o
    0x08000bdc   0x08000bdc   0x0000002a   Code   RO         2727    i.DMA_SetConfig     stm32f1xx_hal_dma.o
    0x08000c06   0x08000c06   0x00000002   Code   RO         3377    i.DebugMon_Handler  stm32f1xx_it.o
    0x08000c08   0x08000c08   0x000000c8   Code   RO         1687    i.HAL_ADCEx_Calibration_Start  stm32f1xx_hal_adc_ex.o
    0x08000cd0   0x08000cd0   0x00000002   Code   RO         1689    i.HAL_ADCEx_InjectedConvCpltCallback  stm32f1xx_hal_adc_ex.o
    0x08000cd2   0x08000cd2   0x00000002   PAD
    0x08000cd4   0x08000cd4   0x000000fc   Code   RO         2828    i.HAL_ADC_ConfigChannel  stm32f1xx_hal_adc.o
    0x08000dd0   0x08000dd0   0x000002b4   Code   RO         3538    i.HAL_ADC_ConvCpltCallback  main.o
    0x08001084   0x08001084   0x00000002   Code   RO         2830    i.HAL_ADC_ConvHalfCpltCallback  stm32f1xx_hal_adc.o
    0x08001086   0x08001086   0x00000002   Code   RO         2832    i.HAL_ADC_ErrorCallback  stm32f1xx_hal_adc.o
    0x08001088   0x08001088   0x000000e6   Code   RO         2836    i.HAL_ADC_IRQHandler  stm32f1xx_hal_adc.o
    0x0800116e   0x0800116e   0x00000002   PAD
    0x08001170   0x08001170   0x0000011c   Code   RO         2837    i.HAL_ADC_Init      stm32f1xx_hal_adc.o
    0x0800128c   0x0800128c   0x00000002   Code   RO         2838    i.HAL_ADC_LevelOutOfWindowCallback  stm32f1xx_hal_adc.o
    0x0800128e   0x0800128e   0x00000002   PAD
    0x08001290   0x08001290   0x000000a4   Code   RO         3320    i.HAL_ADC_MspInit   stm32f1xx_hal_msp.o
    0x08001334   0x08001334   0x0000010c   Code   RO         2844    i.HAL_ADC_Start_DMA  stm32f1xx_hal_adc.o
    0x08001440   0x08001440   0x00000154   Code   RO         2733    i.HAL_DMA_IRQHandler  stm32f1xx_hal_dma.o
    0x08001594   0x08001594   0x00000064   Code   RO         2734    i.HAL_DMA_Init      stm32f1xx_hal_dma.o
    0x080015f8   0x080015f8   0x00000070   Code   RO         2738    i.HAL_DMA_Start_IT  stm32f1xx_hal_dma.o
    0x08001668   0x08001668   0x000001bc   Code   RO         1786    i.HAL_GPIO_Init     stm32f1xx_hal_gpio.o
    0x08001824   0x08001824   0x00000008   Code   RO         1789    i.HAL_GPIO_TogglePin  stm32f1xx_hal_gpio.o
    0x0800182c   0x0800182c   0x0000000a   Code   RO         1790    i.HAL_GPIO_WritePin  stm32f1xx_hal_gpio.o
    0x08001836   0x08001836   0x00000002   PAD
    0x08001838   0x08001838   0x0000000c   Code   RO         2262    i.HAL_GetTick       stm32f1xx_hal.o
    0x08001844   0x08001844   0x00000010   Code   RO         2266    i.HAL_IncTick       stm32f1xx_hal.o
    0x08001854   0x08001854   0x00000024   Code   RO         2267    i.HAL_Init          stm32f1xx_hal.o
    0x08001878   0x08001878   0x00000040   Code   RO         2268    i.HAL_InitTick      stm32f1xx_hal.o
    0x080018b8   0x080018b8   0x00000080   Code   RO         3321    i.HAL_MspInit       stm32f1xx_hal_msp.o
    0x08001938   0x08001938   0x00000016   Code   RO         1469    i.HAL_NVIC_EnableIRQ  stm32f1xx_hal_cortex.o
    0x0800194e   0x0800194e   0x00000002   PAD
    0x08001950   0x08001950   0x00000040   Code   RO         1475    i.HAL_NVIC_SetPriority  stm32f1xx_hal_cortex.o
    0x08001990   0x08001990   0x00000024   Code   RO         1476    i.HAL_NVIC_SetPriorityGrouping  stm32f1xx_hal_cortex.o
    0x080019b4   0x080019b4   0x00000034   Code   RO          806    i.HAL_PCDEx_PMAConfig  stm32f1xx_hal_pcd_ex.o
    0x080019e8   0x080019e8   0x00000002   Code   RO         3040    i.HAL_PCDEx_SetConnectionState  usbd_conf.o
    0x080019ea   0x080019ea   0x0000000e   Code   RO         3042    i.HAL_PCD_DataInStageCallback  usbd_conf.o
    0x080019f8   0x080019f8   0x00000010   Code   RO         3043    i.HAL_PCD_DataOutStageCallback  usbd_conf.o
    0x08001a08   0x08001a08   0x00000040   Code   RO         2045    i.HAL_PCD_EP_Close  stm32f1xx_hal_pcd.o
    0x08001a48   0x08001a48   0x00000048   Code   RO         2046    i.HAL_PCD_EP_ClrStall  stm32f1xx_hal_pcd.o
    0x08001a90   0x08001a90   0x00000010   Code   RO         2048    i.HAL_PCD_EP_GetRxCount  stm32f1xx_hal_pcd.o
    0x08001aa0   0x08001aa0   0x00000044   Code   RO         2049    i.HAL_PCD_EP_Open   stm32f1xx_hal_pcd.o
    0x08001ae4   0x08001ae4   0x0000002e   Code   RO         2050    i.HAL_PCD_EP_Receive  stm32f1xx_hal_pcd.o
    0x08001b12   0x08001b12   0x00000056   Code   RO         2051    i.HAL_PCD_EP_SetStall  stm32f1xx_hal_pcd.o
    0x08001b68   0x08001b68   0x0000002a   Code   RO         2052    i.HAL_PCD_EP_Transmit  stm32f1xx_hal_pcd.o
    0x08001b92   0x08001b92   0x0000010c   Code   RO         2054    i.HAL_PCD_IRQHandler  stm32f1xx_hal_pcd.o
    0x08001c9e   0x08001c9e   0x00000002   PAD
    0x08001ca0   0x08001ca0   0x000000c0   Code   RO         2057    i.HAL_PCD_Init      stm32f1xx_hal_pcd.o
    0x08001d60   0x08001d60   0x0000003c   Code   RO         3048    i.HAL_PCD_MspInit   usbd_conf.o
    0x08001d9c   0x08001d9c   0x0000001a   Code   RO         3049    i.HAL_PCD_ResetCallback  usbd_conf.o
    0x08001db6   0x08001db6   0x00000008   Code   RO         3050    i.HAL_PCD_ResumeCallback  usbd_conf.o
    0x08001dbe   0x08001dbe   0x00000008   Code   RO         3051    i.HAL_PCD_SOFCallback  usbd_conf.o
    0x08001dc6   0x08001dc6   0x00000028   Code   RO         2063    i.HAL_PCD_SetAddress  stm32f1xx_hal_pcd.o
    0x08001dee   0x08001dee   0x0000000e   Code   RO         3052    i.HAL_PCD_SetupStageCallback  usbd_conf.o
    0x08001dfc   0x08001dfc   0x00000032   Code   RO         2065    i.HAL_PCD_Start     stm32f1xx_hal_pcd.o
    0x08001e2e   0x08001e2e   0x00000002   PAD
    0x08001e30   0x08001e30   0x00000024   Code   RO         3053    i.HAL_PCD_SuspendCallback  usbd_conf.o
    0x08001e54   0x08001e54   0x000000c8   Code   RO          771    i.HAL_RCCEx_GetPeriphCLKFreq  stm32f1xx_hal_rcc_ex.o
    0x08001f1c   0x08001f1c   0x000000ec   Code   RO          772    i.HAL_RCCEx_PeriphCLKConfig  stm32f1xx_hal_rcc_ex.o
    0x08002008   0x08002008   0x00000154   Code   RO         1850    i.HAL_RCC_ClockConfig  stm32f1xx_hal_rcc.o
    0x0800215c   0x0800215c   0x0000000c   Code   RO         1855    i.HAL_RCC_GetHCLKFreq  stm32f1xx_hal_rcc.o
    0x08002168   0x08002168   0x00000020   Code   RO         1858    i.HAL_RCC_GetPCLK2Freq  stm32f1xx_hal_rcc.o
    0x08002188   0x08002188   0x0000006c   Code   RO         1859    i.HAL_RCC_GetSysClockFreq  stm32f1xx_hal_rcc.o
    0x080021f4   0x080021f4   0x00000304   Code   RO         1862    i.HAL_RCC_OscConfig  stm32f1xx_hal_rcc.o
    0x080024f8   0x080024f8   0x00000018   Code   RO         1478    i.HAL_SYSTICK_CLKSourceConfig  stm32f1xx_hal_cortex.o
    0x08002510   0x08002510   0x00000002   Code   RO         1479    i.HAL_SYSTICK_Callback  stm32f1xx_hal_cortex.o
    0x08002512   0x08002512   0x00000028   Code   RO         1480    i.HAL_SYSTICK_Config  stm32f1xx_hal_cortex.o
    0x0800253a   0x0800253a   0x00000008   Code   RO         1481    i.HAL_SYSTICK_IRQHandler  stm32f1xx_hal_cortex.o
    0x08002542   0x08002542   0x00000002   Code   RO          537    i.HAL_TIMEx_BreakCallback  stm32f1xx_hal_tim_ex.o
    0x08002544   0x08002544   0x00000002   Code   RO          538    i.HAL_TIMEx_CommutationCallback  stm32f1xx_hal_tim_ex.o
    0x08002546   0x08002546   0x00000050   Code   RO          554    i.HAL_TIMEx_MasterConfigSynchronization  stm32f1xx_hal_tim_ex.o
    0x08002596   0x08002596   0x00000036   Code   RO          838    i.HAL_TIM_Base_Init  stm32f1xx_hal_tim.o
    0x080025cc   0x080025cc   0x00000078   Code   RO         3323    i.HAL_TIM_Base_MspInit  stm32f1xx_hal_msp.o
    0x08002644   0x08002644   0x00000018   Code   RO          843    i.HAL_TIM_Base_Start_IT  stm32f1xx_hal_tim.o
    0x0800265c   0x0800265c   0x0000002a   Code   RO          846    i.HAL_TIM_Base_Stop_IT  stm32f1xx_hal_tim.o
    0x08002686   0x08002686   0x000000f2   Code   RO          847    i.HAL_TIM_ConfigClockSource  stm32f1xx_hal_tim.o
    0x08002778   0x08002778   0x00000002   Code   RO          867    i.HAL_TIM_IC_CaptureCallback  stm32f1xx_hal_tim.o
    0x0800277a   0x0800277a   0x00000166   Code   RO          880    i.HAL_TIM_IRQHandler  stm32f1xx_hal_tim.o
    0x080028e0   0x080028e0   0x00000024   Code   RO         3324    i.HAL_TIM_MspPostInit  stm32f1xx_hal_msp.o
    0x08002904   0x08002904   0x00000002   Code   RO          883    i.HAL_TIM_OC_DelayElapsedCallback  stm32f1xx_hal_tim.o
    0x08002906   0x08002906   0x000000d0   Code   RO          904    i.HAL_TIM_PWM_ConfigChannel  stm32f1xx_hal_tim.o
    0x080029d6   0x080029d6   0x00000036   Code   RO          907    i.HAL_TIM_PWM_Init  stm32f1xx_hal_tim.o
    0x08002a0c   0x08002a0c   0x00000002   Code   RO          909    i.HAL_TIM_PWM_MspInit  stm32f1xx_hal_tim.o
    0x08002a0e   0x08002a0e   0x00000002   Code   RO          910    i.HAL_TIM_PWM_PulseFinishedCallback  stm32f1xx_hal_tim.o
    0x08002a10   0x08002a10   0x00000030   Code   RO          911    i.HAL_TIM_PWM_Start  stm32f1xx_hal_tim.o
    0x08002a40   0x08002a40   0x00000054   Code   RO          914    i.HAL_TIM_PWM_Stop  stm32f1xx_hal_tim.o
    0x08002a94   0x08002a94   0x00000100   Code   RO         3539    i.HAL_TIM_PeriodElapsedCallback  main.o
    0x08002b94   0x08002b94   0x00000002   Code   RO          921    i.HAL_TIM_TriggerCallback  stm32f1xx_hal_tim.o
    0x08002b96   0x08002b96   0x00000002   Code   RO         3378    i.HardFault_Handler  stm32f1xx_it.o
    0x08002b98   0x08002b98   0x0000005c   Code   RO         3540    i.MX_ADC1_Init      main.o
    0x08002bf4   0x08002bf4   0x000000f0   Code   RO         3541    i.MX_GPIO_Init      main.o
    0x08002ce4   0x08002ce4   0x00000084   Code   RO         3542    i.MX_TIM2_Init      main.o
    0x08002d68   0x08002d68   0x00000054   Code   RO         3543    i.MX_TIM3_Init      main.o
    0x08002dbc   0x08002dbc   0x00000054   Code   RO         3544    i.MX_TIM4_Init      main.o
    0x08002e10   0x08002e10   0x00000038   Code   RO         3678    i.MX_USB_DEVICE_Init  usb_device.o
    0x08002e48   0x08002e48   0x00000030   Code   RO         3545    i.Main_FilterApConfig  main.o
    0x08002e78   0x08002e78   0x00000014   Code   RO         3546    i.Main_FilterApSetState  main.o
    0x08002e8c   0x08002e8c   0x000001c8   Code   RO         3547    i.Main_FilterKihConfig  main.o
    0x08003054   0x08003054   0x00000054   Code   RO         3548    i.Main_PWMPrescSet  main.o
    0x080030a8   0x080030a8   0x00000128   Code   RO         3549    i.Main_SinTimerReconfig  main.o
    0x080031d0   0x080031d0   0x00000038   Code   RO         3550    i.Main_Sin_SetFreq  main.o
    0x08003208   0x08003208   0x00000020   Code   RO         3551    i.Main_TelePhaseSetState  main.o
    0x08003228   0x08003228   0x00000020   Code   RO         3552    i.Main_TeleSetState  main.o
    0x08003248   0x08003248   0x00000002   Code   RO         3379    i.MemManage_Handler  stm32f1xx_it.o
    0x0800324a   0x0800324a   0x00000002   Code   RO         3380    i.NMI_Handler       stm32f1xx_it.o
    0x0800324c   0x0800324c   0x00000020   Code   RO         1482    i.NVIC_SetPriority  stm32f1xx_hal_cortex.o
    0x0800326c   0x0800326c   0x00000362   Code   RO         2068    i.PCD_EP_ISR_Handler  stm32f1xx_hal_pcd.o
    0x080035ce   0x080035ce   0x00000002   Code   RO         3381    i.PendSV_Handler    stm32f1xx_it.o
    0x080035d0   0x080035d0   0x00000002   Code   RO         3382    i.SVC_Handler       stm32f1xx_it.o
    0x080035d2   0x080035d2   0x0000000e   Code   RO         3383    i.SysTick_Handler   stm32f1xx_it.o
    0x080035e0   0x080035e0   0x0000007e   Code   RO         3553    i.SystemClock_Config  main.o
    0x0800365e   0x0800365e   0x00000002   PAD
    0x08003660   0x08003660   0x00000048   Code   RO         3003    i.SystemInit        system_stm32f1xx.o
    0x080036a8   0x080036a8   0x0000000c   Code   RO         3384    i.TIM3_IRQHandler   stm32f1xx_it.o
    0x080036b4   0x080036b4   0x0000000c   Code   RO         3385    i.TIM4_IRQHandler   stm32f1xx_it.o
    0x080036c0   0x080036c0   0x0000006c   Code   RO          922    i.TIM_Base_SetConfig  stm32f1xx_hal_tim.o
    0x0800372c   0x0800372c   0x00000016   Code   RO          923    i.TIM_CCxChannelCmd  stm32f1xx_hal_tim.o
    0x08003742   0x08003742   0x00000014   Code   RO          929    i.TIM_ETR_SetConfig  stm32f1xx_hal_tim.o
    0x08003756   0x08003756   0x00000010   Code   RO          930    i.TIM_ITRx_SetConfig  stm32f1xx_hal_tim.o
    0x08003766   0x08003766   0x00000002   PAD
    0x08003768   0x08003768   0x00000050   Code   RO          931    i.TIM_OC1_SetConfig  stm32f1xx_hal_tim.o
    0x080037b8   0x080037b8   0x00000058   Code   RO          932    i.TIM_OC2_SetConfig  stm32f1xx_hal_tim.o
    0x08003810   0x08003810   0x00000058   Code   RO          933    i.TIM_OC3_SetConfig  stm32f1xx_hal_tim.o
    0x08003868   0x08003868   0x00000044   Code   RO          934    i.TIM_OC4_SetConfig  stm32f1xx_hal_tim.o
    0x080038ac   0x080038ac   0x00000022   Code   RO          936    i.TIM_TI1_ConfigInputStage  stm32f1xx_hal_tim.o
    0x080038ce   0x080038ce   0x00000024   Code   RO          938    i.TIM_TI2_ConfigInputStage  stm32f1xx_hal_tim.o
    0x080038f2   0x080038f2   0x00000014   Code   RO          326    i.USBD_CDC_DataIn   usbd_cdc.o
    0x08003906   0x08003906   0x0000002e   Code   RO          327    i.USBD_CDC_DataOut  usbd_cdc.o
    0x08003934   0x08003934   0x0000003c   Code   RO          328    i.USBD_CDC_DeInit   usbd_cdc.o
    0x08003970   0x08003970   0x00000024   Code   RO          329    i.USBD_CDC_EP0_RxReady  usbd_cdc.o
    0x08003994   0x08003994   0x0000000c   Code   RO          330    i.USBD_CDC_GetDeviceQualifierDescriptor  usbd_cdc.o
    0x080039a0   0x080039a0   0x0000000c   Code   RO          331    i.USBD_CDC_GetFSCfgDesc  usbd_cdc.o
    0x080039ac   0x080039ac   0x0000000c   Code   RO          332    i.USBD_CDC_GetHSCfgDesc  usbd_cdc.o
    0x080039b8   0x080039b8   0x0000000c   Code   RO          333    i.USBD_CDC_GetOtherSpeedCfgDesc  usbd_cdc.o
    0x080039c4   0x080039c4   0x00000088   Code   RO          334    i.USBD_CDC_Init     usbd_cdc.o
    0x08003a4c   0x08003a4c   0x00000028   Code   RO          335    i.USBD_CDC_ReceivePacket  usbd_cdc.o
    0x08003a74   0x08003a74   0x00000010   Code   RO          336    i.USBD_CDC_RegisterInterface  usbd_cdc.o
    0x08003a84   0x08003a84   0x0000000c   Code   RO          337    i.USBD_CDC_SetRxBuffer  usbd_cdc.o
    0x08003a90   0x08003a90   0x00000010   Code   RO          338    i.USBD_CDC_SetTxBuffer  usbd_cdc.o
    0x08003aa0   0x08003aa0   0x00000070   Code   RO          339    i.USBD_CDC_Setup    usbd_cdc.o
    0x08003b10   0x08003b10   0x00000030   Code   RO          340    i.USBD_CDC_TransmitPacket  usbd_cdc.o
    0x08003b40   0x08003b40   0x0000000e   Code   RO           13    i.USBD_ClrClassConfig  usbd_core.o
    0x08003b4e   0x08003b4e   0x00000010   Code   RO          266    i.USBD_CtlContinueRx  usbd_ioreq.o
    0x08003b5e   0x08003b5e   0x00000010   Code   RO          267    i.USBD_CtlContinueSendData  usbd_ioreq.o
    0x08003b6e   0x08003b6e   0x00000016   Code   RO          436    i.USBD_CtlError     usbd_ctlreq.o
    0x08003b84   0x08003b84   0x0000001e   Code   RO          268    i.USBD_CtlPrepareRx  usbd_ioreq.o
    0x08003ba2   0x08003ba2   0x00000016   Code   RO          269    i.USBD_CtlReceiveStatus  usbd_ioreq.o
    0x08003bb8   0x08003bb8   0x0000001a   Code   RO          270    i.USBD_CtlSendData  usbd_ioreq.o
    0x08003bd2   0x08003bd2   0x00000016   Code   RO          271    i.USBD_CtlSendStatus  usbd_ioreq.o
    0x08003be8   0x08003be8   0x00000020   Code   RO         3251    i.USBD_FS_ConfigStrDescriptor  usbd_desc.o
    0x08003c08   0x08003c08   0x0000000c   Code   RO         3252    i.USBD_FS_DeviceDescriptor  usbd_desc.o
    0x08003c14   0x08003c14   0x00000024   Code   RO         3253    i.USBD_FS_InterfaceStrDescriptor  usbd_desc.o
    0x08003c38   0x08003c38   0x0000000c   Code   RO         3254    i.USBD_FS_LangIDStrDescriptor  usbd_desc.o
    0x08003c44   0x08003c44   0x00000028   Code   RO         3255    i.USBD_FS_ManufacturerStrDescriptor  usbd_desc.o
    0x08003c6c   0x08003c6c   0x0000002c   Code   RO         3256    i.USBD_FS_ProductStrDescriptor  usbd_desc.o
    0x08003c98   0x08003c98   0x00000024   Code   RO         3257    i.USBD_FS_SerialStrDescriptor  usbd_desc.o
    0x08003cbc   0x08003cbc   0x000000e0   Code   RO          437    i.USBD_GetDescriptor  usbd_ctlreq.o
    0x08003d9c   0x08003d9c   0x00000046   Code   RO          438    i.USBD_GetString    usbd_ctlreq.o
    0x08003de2   0x08003de2   0x0000002a   Code   RO           15    i.USBD_Init         usbd_core.o
    0x08003e0c   0x08003e0c   0x00000020   Code   RO         3054    i.USBD_LL_ClearStallEP  usbd_conf.o
    0x08003e2c   0x08003e2c   0x00000020   Code   RO         3055    i.USBD_LL_CloseEP   usbd_conf.o
    0x08003e4c   0x08003e4c   0x000000aa   Code   RO           16    i.USBD_LL_DataInStage  usbd_core.o
    0x08003ef6   0x08003ef6   0x0000006a   Code   RO           17    i.USBD_LL_DataOutStage  usbd_core.o
    0x08003f60   0x08003f60   0x00000008   Code   RO         3059    i.USBD_LL_GetRxDataSize  usbd_conf.o
    0x08003f68   0x08003f68   0x000000a0   Code   RO         3060    i.USBD_LL_Init      usbd_conf.o
    0x08004008   0x08004008   0x0000001c   Code   RO         3061    i.USBD_LL_IsStallEP  usbd_conf.o
    0x08004024   0x08004024   0x00000026   Code   RO         3062    i.USBD_LL_OpenEP    usbd_conf.o
    0x0800404a   0x0800404a   0x00000020   Code   RO         3063    i.USBD_LL_PrepareReceive  usbd_conf.o
    0x0800406a   0x0800406a   0x0000003e   Code   RO           22    i.USBD_LL_Reset     usbd_core.o
    0x080040a8   0x080040a8   0x0000000c   Code   RO           23    i.USBD_LL_Resume    usbd_core.o
    0x080040b4   0x080040b4   0x00000018   Code   RO           24    i.USBD_LL_SOF       usbd_core.o
    0x080040cc   0x080040cc   0x00000006   Code   RO           25    i.USBD_LL_SetSpeed  usbd_core.o
    0x080040d2   0x080040d2   0x00000020   Code   RO         3064    i.USBD_LL_SetUSBAddress  usbd_conf.o
    0x080040f2   0x080040f2   0x0000005a   Code   RO           26    i.USBD_LL_SetupStage  usbd_core.o
    0x0800414c   0x0800414c   0x00000020   Code   RO         3065    i.USBD_LL_StallEP   usbd_conf.o
    0x0800416c   0x0800416c   0x00000020   Code   RO         3066    i.USBD_LL_Start     usbd_conf.o
    0x0800418c   0x0800418c   0x00000012   Code   RO           27    i.USBD_LL_Suspend   usbd_core.o
    0x0800419e   0x0800419e   0x00000020   Code   RO         3068    i.USBD_LL_Transmit  usbd_conf.o
    0x080041be   0x080041be   0x00000028   Code   RO          439    i.USBD_ParseSetupRequest  usbd_ctlreq.o
    0x080041e6   0x080041e6   0x00000010   Code   RO           28    i.USBD_RegisterClass  usbd_core.o
    0x080041f6   0x080041f6   0x00000016   Code   RO           30    i.USBD_SetClassConfig  usbd_core.o
    0x0800420c   0x0800420c   0x00000074   Code   RO          440    i.USBD_SetConfig    usbd_ctlreq.o
    0x08004280   0x08004280   0x0000000a   Code   RO           31    i.USBD_Start        usbd_core.o
    0x0800428a   0x0800428a   0x000000f2   Code   RO          441    i.USBD_StdDevReq    usbd_ctlreq.o
    0x0800437c   0x0800437c   0x000000dc   Code   RO          442    i.USBD_StdEPReq     usbd_ctlreq.o
    0x08004458   0x08004458   0x00000034   Code   RO          443    i.USBD_StdItfReq    usbd_ctlreq.o
    0x0800448c   0x0800448c   0x00000002   Code   RO         3069    i.USBD_static_free  usbd_conf.o
    0x0800448e   0x0800448e   0x00000002   PAD
    0x08004490   0x08004490   0x00000008   Code   RO         3070    i.USBD_static_malloc  usbd_conf.o
    0x08004498   0x08004498   0x0000025c   Code   RO         2535    i.USB_ActivateEndpoint  stm32f1xx_ll_usb.o
    0x080046f4   0x080046f4   0x00000004   Code   RO         2538    i.USB_CoreInit      stm32f1xx_ll_usb.o
    0x080046f8   0x080046f8   0x00000124   Code   RO         2540    i.USB_DeactivateEndpoint  stm32f1xx_ll_usb.o
    0x0800481c   0x0800481c   0x00000004   Code   RO         2541    i.USB_DevConnect    stm32f1xx_ll_usb.o
    0x08004820   0x08004820   0x00000004   Code   RO         2542    i.USB_DevDisconnect  stm32f1xx_ll_usb.o
    0x08004824   0x08004824   0x0000001e   Code   RO         2543    i.USB_DevInit       stm32f1xx_ll_usb.o
    0x08004842   0x08004842   0x0000000e   Code   RO         2544    i.USB_DisableGlobalInt  stm32f1xx_ll_usb.o
    0x08004850   0x08004850   0x00000004   Code   RO         2545    i.USB_EP0_OutStart  stm32f1xx_ll_usb.o
    0x08004854   0x08004854   0x0000006a   Code   RO         2546    i.USB_EPClearStall  stm32f1xx_ll_usb.o
    0x080048be   0x080048be   0x0000004a   Code   RO         2547    i.USB_EPSetStall    stm32f1xx_ll_usb.o
    0x08004908   0x08004908   0x000001aa   Code   RO         2548    i.USB_EPStartXfer   stm32f1xx_ll_usb.o
    0x08004ab2   0x08004ab2   0x0000000e   Code   RO         2549    i.USB_EnableGlobalInt  stm32f1xx_ll_usb.o
    0x08004ac0   0x08004ac0   0x0000000c   Code   RO         3386    i.USB_LP_CAN1_RX0_IRQHandler  stm32f1xx_it.o
    0x08004acc   0x08004acc   0x00000006   Code   RO         2556    i.USB_ReadInterrupts  stm32f1xx_ll_usb.o
    0x08004ad2   0x08004ad2   0x00000002   PAD
    0x08004ad4   0x08004ad4   0x0000001e   Code   RO         2557    i.USB_ReadPMA       stm32f1xx_ll_usb.o
    0x08004af2   0x08004af2   0x00000004   Code   RO         2559    i.USB_SetCurrentMode  stm32f1xx_ll_usb.o
    0x08004af6   0x08004af6   0x0000000c   Code   RO         2560    i.USB_SetDevAddress  stm32f1xx_ll_usb.o
    0x08004b02   0x08004b02   0x00000026   Code   RO         2562    i.USB_WritePMA      stm32f1xx_ll_usb.o
    0x08004b28   0x08004b28   0x00000002   Code   RO         3387    i.UsageFault_Handler  stm32f1xx_it.o
    0x08004b2a   0x08004b2a   0x00000002   Code   RO         3554    i._Error_Handler    main.o
    0x08004b2c   0x08004b2c   0x00000028   Code   RO         3839    i.__ARM_fpclassify  m_ws.l(fpclassify.o)
    0x08004b54   0x08004b54   0x00000388   Code   RO         3798    i.__ieee754_rem_pio2  m_ws.l(rred.o)
    0x08004edc   0x08004edc   0x000000fc   Code   RO         3781    i.__kernel_cos      m_ws.l(cos_i.o)
    0x08004fd8   0x08004fd8   0x000000aa   Code   RO         3841    i.__kernel_poly     m_ws.l(poly.o)
    0x08005082   0x08005082   0x00000002   PAD
    0x08005084   0x08005084   0x000000ec   Code   RO         3803    i.__kernel_sin      m_ws.l(sin_i.o)
    0x08005170   0x08005170   0x00000006   Code   RO         3785    i.__mathlib_dbl_infnan  m_ws.l(dunder.o)
    0x08005176   0x08005176   0x0000000c   Code   RO         3787    i.__mathlib_dbl_invalid  m_ws.l(dunder.o)
    0x08005182   0x08005182   0x00000002   PAD
    0x08005184   0x08005184   0x00000010   Code   RO         3790    i.__mathlib_dbl_underflow  m_ws.l(dunder.o)
    0x08005194   0x08005194   0x0000000e   Code   RO         3847    i.__scatterload_copy  mc_w.l(handlers.o)
    0x080051a2   0x080051a2   0x00000002   Code   RO         3848    i.__scatterload_null  mc_w.l(handlers.o)
    0x080051a4   0x080051a4   0x0000000e   Code   RO         3849    i.__scatterload_zeroinit  mc_w.l(handlers.o)
    0x080051b2   0x080051b2   0x00000002   PAD
    0x080051b4   0x080051b4   0x0000000c   Code   RO         3829    i.__set_errno       mc_w.l(errno.o)
    0x080051c0   0x080051c0   0x000000bc   Code   RO         3705    i.char2double       myfunctions.o
    0x0800527c   0x0800527c   0x00000020   Code   RO         3707    i.char2uint         myfunctions.o
    0x0800529c   0x0800529c   0x0000009c   Code   RO         3733    i.cos               m_ws.l(cos.o)
    0x08005338   0x08005338   0x00000150   Code   RO         3555    i.main              main.o
    0x08005488   0x08005488   0x00000094   Code   RO         3740    i.round             m_ws.l(round.o)
    0x0800551c   0x0800551c   0x000000a0   Code   RO         3743    i.sin               m_ws.l(sin.o)
    0x080055bc   0x080055bc   0x00000010   Data   RO         3004    .constdata          system_stm32f1xx.o
    0x080055cc   0x080055cc   0x00000008   Data   RO         3005    .constdata          system_stm32f1xx.o
    0x080055d4   0x080055d4   0x00000004   PAD
    0x080055d8   0x080055d8   0x00000030   Data   RO         3782    .constdata          m_ws.l(cos_i.o)
    0x08005608   0x08005608   0x000000c8   Data   RO         3800    .constdata          m_ws.l(rred.o)
    0x080056d0   0x080056d0   0x00000028   Data   RO         3804    .constdata          m_ws.l(sin_i.o)
    0x080056f8   0x080056f8   0x00000061   Data   RO         3486    .conststring        usbd_cdc_if.o
    0x08005759   0x08005759   0x00000003   PAD
    0x0800575c   0x0800575c   0x00000020   Data   RO         3845    Region$$Table       anon$$obj.o


    Execution Region RW_IRAM1 (Exec base: 0x20000000, Load base: 0x0800577c, Size: 0x000019d0, Max: 0x00005000, ABSOLUTE, COMPRESSED[0x000000cc])

    Exec Addr    Load Addr    Size         Type   Attr      Idx    E Section Name        Object

    0x20000000   COMPRESSED   0x000000db   Data   RW          341    .data               usbd_cdc.o
    0x200000db   COMPRESSED   0x00000001   PAD
    0x200000dc   COMPRESSED   0x00000038   Data   RW          342    .data               usbd_cdc.o
    0x20000114   COMPRESSED   0x00000001   Data   RW          444    .data               usbd_ctlreq.o
    0x20000115   COMPRESSED   0x00000003   PAD
    0x20000118   COMPRESSED   0x0000000c   Data   RW         2274    .data               stm32f1xx_hal.o
    0x20000124   COMPRESSED   0x00000004   Data   RW         3006    .data               system_stm32f1xx.o
    0x20000128   COMPRESSED   0x0000001c   Data   RW         3259    .data               usbd_desc.o
    0x20000144   COMPRESSED   0x00000016   Data   RW         3260    .data               usbd_desc.o
    0x2000015a   COMPRESSED   0x00000002   PAD
    0x2000015c   COMPRESSED   0x00000010   Data   RW         3487    .data               usbd_cdc_if.o
    0x2000016c   COMPRESSED   0x00000004   PAD
    0x20000170   COMPRESSED   0x00000090   Data   RW         3559    .data               main.o
    0x20000200   COMPRESSED   0x00000004   Data   RW         3830    .data               mc_w.l(errno.o)
    0x20000204        -       0x00000680   Zero   RW         3071    .bss                usbd_conf.o
    0x20000884        -       0x00000200   Zero   RW         3258    .bss                usbd_desc.o
    0x20000a84        -       0x000007d0   Zero   RW         3485    .bss                usbd_cdc_if.o
    0x20001254        -       0x00000110   Zero   RW         3557    .bss                main.o
    0x20001364        -       0x00000044   Zero   RW         3558    .bss                main.o
    0x200013a8        -       0x00000224   Zero   RW         3679    .bss                usb_device.o
    0x200015cc   COMPRESSED   0x00000004   PAD
    0x200015d0        -       0x00000400   Zero   RW            1    STACK               startup_stm32f103xb.o


==============================================================================

Image component sizes


      Code (inc. data)   RO Data    RW Data    ZI Data      Debug   Object Name

      3068        252          0        144        340      14077   main.o
       220         14          0          0          0       1962   myfunctions.o
        36          8        236          0       1024        804   startup_stm32f103xb.o
       128         24          0         12          0       3237   stm32f1xx_hal.o
      1342         54          0          0          0       9267   stm32f1xx_hal_adc.o
       202          6          0          0          0       1963   stm32f1xx_hal_adc_ex.o
       228         14          0          0          0      27385   stm32f1xx_hal_cortex.o
       594         32          0          0          0       3603   stm32f1xx_hal_dma.o
       462         36          0          0          0       3461   stm32f1xx_hal_gpio.o
       448         76          0          0          0       2845   stm32f1xx_hal_msp.o
      1810          0          0          0          0      10025   stm32f1xx_hal_pcd.o
        52          0          0          0          0       1174   stm32f1xx_hal_pcd_ex.o
      1264         92          0          0          0       5077   stm32f1xx_hal_rcc.o
       436         46          0          0          0       2533   stm32f1xx_hal_rcc_ex.o
      1684         46          0          0          0      16694   stm32f1xx_hal_tim.o
        84          0          0          0          0       2330   stm32f1xx_hal_tim_ex.o
        90         30          0          0          0       5982   stm32f1xx_it.o
      1666          0          0          0          0      12623   stm32f1xx_ll_usb.o
        72         16         24          4          0       1159   system_stm32f1xx.o
        56         18          0          0        548        708   usb_device.o
       590         22          0        275          0      12654   usbd_cdc.o
       720        294         97         16       2000       4142   usbd_cdc_if.o
       652         50          0          0       1664      14824   usbd_conf.o
       592          0          0          0          0     469812   usbd_core.o
       986         30          0          1          0       7740   usbd_ctlreq.o
       212        116          0         50        512       4915   usbd_desc.o
       132          0          0          0          0       4324   usbd_ioreq.o

    ----------------------------------------------------------------------
     17852       1276        396        512       6092     645320   Object Totals
         0          0         32          0          0          0   (incl. Generated)
        26          0          7         10          4          0   (incl. Padding)

    ----------------------------------------------------------------------

      Code (inc. data)   RO Data    RW Data    ZI Data      Debug   Library Member Name

       156          8          0          0          0        104   cos.o
       252         22         48          0          0        124   cos_i.o
        34          6          0          0          0        204   dunder.o
        40          0          0          0          0         68   fpclassify.o
       170          0          0          0          0         96   poly.o
       148         12          0          0          0         88   round.o
       904         76        200          0          0        140   rred.o
       160         10          0          0          0        108   sin.o
       236         12         40          0          0        128   sin_i.o
        86          0          0          0          0          0   __dczerorl2.o
         0          0          0          0          0          0   entry.o
         0          0          0          0          0          0   entry10a.o
         0          0          0          0          0          0   entry11a.o
         8          4          0          0          0          0   entry2.o
         4          0          0          0          0          0   entry5.o
         0          0          0          0          0          0   entry7b.o
         0          0          0          0          0          0   entry8b.o
         8          4          0          0          0          0   entry9a.o
        12          6          0          4          0         68   errno.o
        30          0          0          0          0          0   handlers.o
        36          8          0          0          0         68   init.o
         0          0          0          0          0          0   iusefp.o
        30          0          0          0          0         68   llshl.o
        36          0          0          0          0         68   llsshr.o
        32          0          0          0          0         68   llushr.o
        36          0          0          0          0         68   memcpya.o
        14          0          0          0          0         68   strlen.o
        48          0          0          0          0         68   cdcmple.o
        48          0          0          0          0         68   cdrcmple.o
       334          0          0          0          0        148   dadd.o
       222          0          0          0          0        100   ddiv.o
       186          0          0          0          0        176   depilogue.o
        62          0          0          0          0         80   dfixi.o
        50          0          0          0          0         76   dfixui.o
        34          0          0          0          0         76   dflti.o
        26          0          0          0          0         76   dfltui.o
       228          0          0          0          0         96   dmul.o
       136          4          0          0          0         92   drnd.o
        46          0          0          0          0         80   dscalb.o

    ----------------------------------------------------------------------
      3860        172        288          4          0       2672   Library Totals
         8          0          0          0          0          0   (incl. Padding)

    ----------------------------------------------------------------------

      Code (inc. data)   RO Data    RW Data    ZI Data      Debug   Library Name

      2100        146        288          0          0       1060   m_ws.l
       332         22          0          4          0        476   mc_w.l
      1420          4          0          0          0       1136   mf_w.l

    ----------------------------------------------------------------------
      3860        172        288          4          0       2672   Library Totals

    ----------------------------------------------------------------------

==============================================================================


      Code (inc. data)   RO Data    RW Data    ZI Data      Debug   

     21712       1448        684        516       6092     635900   Grand Totals
     21712       1448        684        204       6092     635900   ELF Image Totals (compressed)
     21712       1448        684        204          0          0   ROM Totals

==============================================================================

    Total RO  Size (Code + RO Data)                22396 (  21.87kB)
    Total RW  Size (RW Data + ZI Data)              6608 (   6.45kB)
    Total ROM Size (Code + RO Data + RW Data)      22600 (  22.07kB)

==============================================================================

